Component: ARM Compiler 6.14 Tool: armlink [5db06800]

==============================================================================

Section Cross References

    system_nuc100series.o(.text.SystemCoreClockUpdate) refers to aeabi_sdiv.o(.text) for __aeabi_uidiv
    system_nuc100series.o(.text.SystemCoreClockUpdate) refers to system_nuc100series.o(.data..L_MergedGlobals) for [Anonymous Symbol]
    system_nuc100series.o(.ARM.exidx.text.SystemCoreClockUpdate) refers to system_nuc100series.o(.text.SystemCoreClockUpdate) for [Anonymous Symbol]
    system_nuc100series.o(.ARM.exidx.text.SystemInit) refers to system_nuc100series.o(.text.SystemInit) for [Anonymous Symbol]
    startup_nuc100series.o(STACK) refers (Special) to heapauxi.o(.text) for __use_two_region_memory
    startup_nuc100series.o(HEAP) refers (Special) to heapauxi.o(.text) for __use_two_region_memory
    startup_nuc100series.o(RESET) refers (Special) to heapauxi.o(.text) for __use_two_region_memory
    startup_nuc100series.o(RESET) refers to startup_nuc100series.o(STACK) for __initial_sp
    startup_nuc100series.o(RESET) refers to startup_nuc100series.o(.text) for Reset_Handler
    startup_nuc100series.o(RESET) refers to main.o(.text.ADC_IRQHandler) for ADC_IRQHandler
    startup_nuc100series.o(.text) refers (Special) to heapauxi.o(.text) for __use_two_region_memory
    startup_nuc100series.o(.text) refers to system_nuc100series.o(.text.SystemInit) for SystemInit
    startup_nuc100series.o(.text) refers to __main.o(!!!main) for __main
    startup_nuc100series.o(.text) refers to startup_nuc100series.o(HEAP) for Heap_Mem
    startup_nuc100series.o(.text) refers to startup_nuc100series.o(STACK) for Stack_Mem
    main.o(.text) refers (Special) to _printf_d.o(.ARM.Collect$$_printf_percent$$00000009) for _printf_d
    main.o(.text) refers (Special) to _printf_dec.o(.text) for _printf_int_dec
    main.o(.text) refers (Special) to _printf_percent.o(.ARM.Collect$$_printf_percent$$00000000) for _printf_percent
    main.o(.text.main) refers (Special) to _printf_d.o(.ARM.Collect$$_printf_percent$$00000009) for _printf_d
    main.o(.text.main) refers (Special) to _printf_dec.o(.text) for _printf_int_dec
    main.o(.text.main) refers (Special) to _printf_percent.o(.ARM.Collect$$_printf_percent$$00000000) for _printf_percent
    main.o(.text.main) refers to main.o(.text.System_Config) for System_Config
    main.o(.text.main) refers to main.o(.text.SPI3_Config) for SPI3_Config
    main.o(.text.main) refers to main.o(.text.ADC7_Config) for ADC7_Config
    main.o(.text.main) refers to main.o(.text.LCD_start) for LCD_start
    main.o(.text.main) refers to main.o(.text.LCD_clear) for LCD_clear
    main.o(.text.main) refers to main.o(.text.Off_chip_device_data_transmit) for Off_chip_device_data_transmit
    main.o(.text.main) refers to noretval__2sprintf.o(.text) for __2sprintf
    main.o(.text.main) refers to lcd.o(.text.printS_5x7) for printS_5x7
    main.o(.text.main) refers to main.o(.text.Data_send) for Data_send
    main.o(.text.main) refers to main.o(.text.Buzzer_on) for Buzzer_on
    main.o(.text.main) refers to main.o(.bss.adc7_val) for adc7_val
    main.o(.text.main) refers to main.o(.data.adc7_val_s) for adc7_val_s
    main.o(.text.main) refers to system_nuc100series.o(.data..L_MergedGlobals) for CyclesPerUs
    main.o(.ARM.exidx.text.main) refers (Special) to _printf_d.o(.ARM.Collect$$_printf_percent$$00000009) for _printf_d
    main.o(.ARM.exidx.text.main) refers (Special) to _printf_dec.o(.text) for _printf_int_dec
    main.o(.ARM.exidx.text.main) refers (Special) to _printf_percent.o(.ARM.Collect$$_printf_percent$$00000000) for _printf_percent
    main.o(.ARM.exidx.text.main) refers to main.o(.text.main) for [Anonymous Symbol]
    main.o(.text.System_Config) refers (Special) to _printf_d.o(.ARM.Collect$$_printf_percent$$00000009) for _printf_d
    main.o(.text.System_Config) refers (Special) to _printf_dec.o(.text) for _printf_int_dec
    main.o(.text.System_Config) refers (Special) to _printf_percent.o(.ARM.Collect$$_printf_percent$$00000000) for _printf_percent
    main.o(.ARM.exidx.text.System_Config) refers (Special) to _printf_d.o(.ARM.Collect$$_printf_percent$$00000009) for _printf_d
    main.o(.ARM.exidx.text.System_Config) refers (Special) to _printf_dec.o(.text) for _printf_int_dec
    main.o(.ARM.exidx.text.System_Config) refers (Special) to _printf_percent.o(.ARM.Collect$$_printf_percent$$00000000) for _printf_percent
    main.o(.ARM.exidx.text.System_Config) refers to main.o(.text.System_Config) for [Anonymous Symbol]
    main.o(.text.SPI3_Config) refers (Special) to _printf_d.o(.ARM.Collect$$_printf_percent$$00000009) for _printf_d
    main.o(.text.SPI3_Config) refers (Special) to _printf_dec.o(.text) for _printf_int_dec
    main.o(.text.SPI3_Config) refers (Special) to _printf_percent.o(.ARM.Collect$$_printf_percent$$00000000) for _printf_percent
[...]
    main.o(.rodata.str1.1) refers (Special) to _printf_percent.o(.ARM.Collect$$_printf_percent$$00000000) for _printf_percent
    main.o(.ARM.use_no_argv) refers (Special) to _printf_d.o(.ARM.Collect$$_printf_percent$$00000009) for _printf_d
    main.o(.ARM.use_no_argv) refers (Special) to _printf_dec.o(.text) for _printf_int_dec
    main.o(.ARM.use_no_argv) refers (Special) to _printf_percent.o(.ARM.Collect$$_printf_percent$$00000000) for _printf_percent
    gpio.o(.ARM.exidx.text.GPIO_SetMode) refers to gpio.o(.text.GPIO_SetMode) for [Anonymous Symbol]
    gpio.o(.ARM.exidx.text.GPIO_EnableInt) refers to gpio.o(.text.GPIO_EnableInt) for [Anonymous Symbol]
    gpio.o(.ARM.exidx.text.GPIO_DisableInt) refers to gpio.o(.text.GPIO_DisableInt) for [Anonymous Symbol]
    spi.o(.text.SPI_Open) refers to clk.o(.text.CLK_GetHCLKFreq) for CLK_GetHCLKFreq
    spi.o(.text.SPI_Open) refers to spi.o(.text.CLK_GetPLLClockFreq) for CLK_GetPLLClockFreq
    spi.o(.text.SPI_Open) refers to aeabi_sdiv.o(.text) for __aeabi_uidiv
    spi.o(.ARM.exidx.text.SPI_Open) refers to spi.o(.text.SPI_Open) for [Anonymous Symbol]
    spi.o(.text.CLK_GetPLLClockFreq) refers to aeabi_sdiv.o(.text) for __aeabi_uidiv
    spi.o(.ARM.exidx.text.CLK_GetPLLClockFreq) refers to spi.o(.text.CLK_GetPLLClockFreq) for [Anonymous Symbol]
    spi.o(.ARM.exidx.text.SPI_Close) refers to spi.o(.text.SPI_Close) for [Anonymous Symbol]
    spi.o(.ARM.exidx.text.SPI_ClearRxFIFO) refers to spi.o(.text.SPI_ClearRxFIFO) for [Anonymous Symbol]
    spi.o(.ARM.exidx.text.SPI_ClearTxFIFO) refers to spi.o(.text.SPI_ClearTxFIFO) for [Anonymous Symbol]
    spi.o(.ARM.exidx.text.SPI_DisableAutoSS) refers to spi.o(.text.SPI_DisableAutoSS) for [Anonymous Symbol]
    spi.o(.ARM.exidx.text.SPI_EnableAutoSS) refers to spi.o(.text.SPI_EnableAutoSS) for [Anonymous Symbol]
    spi.o(.text.SPI_SetBusClock) refers to clk.o(.text.CLK_GetHCLKFreq) for CLK_GetHCLKFreq
    spi.o(.text.SPI_SetBusClock) refers to spi.o(.text.CLK_GetPLLClockFreq) for CLK_GetPLLClockFreq
    spi.o(.text.SPI_SetBusClock) refers to aeabi_sdiv.o(.text) for __aeabi_uidiv
    spi.o(.ARM.exidx.text.SPI_SetBusClock) refers to spi.o(.text.SPI_SetBusClock) for [Anonymous Symbol]
    spi.o(.ARM.exidx.text.SPI_EnableFIFO) refers to spi.o(.text.SPI_EnableFIFO) for [Anonymous Symbol]
    spi.o(.ARM.exidx.text.SPI_DisableFIFO) refers to spi.o(.text.SPI_DisableFIFO) for [Anonymous Symbol]
    spi.o(.text.SPI_GetBusClock) refers to spi.o(.text.CLK_GetPLLClockFreq) for CLK_GetPLLClockFreq
    spi.o(.text.SPI_GetBusClock) refers to clk.o(.text.CLK_GetHCLKFreq) for CLK_GetHCLKFreq
    spi.o(.text.SPI_GetBusClock) refers to aeabi_sdiv.o(.text) for __aeabi_uidiv
    spi.o(.ARM.exidx.text.SPI_GetBusClock) refers to spi.o(.text.SPI_GetBusClock) for [Anonymous Symbol]
    spi.o(.ARM.exidx.text.SPI_EnableInt) refers to spi.o(.text.SPI_EnableInt) for [Anonymous Symbol]
    spi.o(.ARM.exidx.text.SPI_DisableInt) refers to spi.o(.text.SPI_DisableInt) for [Anonymous Symbol]
    spi.o(.ARM.exidx.text.SPI_GetIntFlag) refers to spi.o(.text.SPI_GetIntFlag) for [Anonymous Symbol]
    spi.o(.ARM.exidx.text.SPI_ClearIntFlag) refers to spi.o(.text.SPI_ClearIntFlag) for [Anonymous Symbol]
    spi.o(.ARM.exidx.text.SPI_GetStatus) refers to spi.o(.text.SPI_GetStatus) for [Anonymous Symbol]
    clk.o(.ARM.exidx.text.CLK_DisableCKO) refers to clk.o(.text.CLK_DisableCKO) for [Anonymous Symbol]
    clk.o(.text.CLK_DisableModuleClock) refers to clk.o(.rodata.cst16) for .L__const.CLK_DisableModuleClock.u32OffsetTbl
    clk.o(.ARM.exidx.text.CLK_DisableModuleClock) refers to clk.o(.text.CLK_DisableModuleClock) for [Anonymous Symbol]
    clk.o(.ARM.exidx.text.CLK_EnableCKO) refers to clk.o(.text.CLK_EnableCKO) for [Anonymous Symbol]
    clk.o(.text.CLK_EnableModuleClock) refers to clk.o(.rodata.cst16) for .L__const.CLK_DisableModuleClock.u32OffsetTbl
    clk.o(.ARM.exidx.text.CLK_EnableModuleClock) refers to clk.o(.text.CLK_EnableModuleClock) for [Anonymous Symbol]
    clk.o(.ARM.exidx.text.CLK_SetModuleClock) refers to clk.o(.text.CLK_SetModuleClock) for [Anonymous Symbol]
    clk.o(.ARM.exidx.text.CLK_PowerDown) refers to clk.o(.text.CLK_PowerDown) for [Anonymous Symbol]
    clk.o(.ARM.exidx.text.CLK_Idle) refers to clk.o(.text.CLK_Idle) for [Anonymous Symbol]
    clk.o(.ARM.exidx.text.CLK_GetHXTFreq) refers to clk.o(.text.CLK_GetHXTFreq) for [Anonymous Symbol]
    clk.o(.ARM.exidx.text.CLK_GetLXTFreq) refers to clk.o(.text.CLK_GetLXTFreq) for [Anonymous Symbol]
    clk.o(.text.CLK_GetHCLKFreq) refers to system_nuc100series.o(.text.SystemCoreClockUpdate) for SystemCoreClockUpdate
    clk.o(.text.CLK_GetHCLKFreq) refers to system_nuc100series.o(.data..L_MergedGlobals) for SystemCoreClock
    clk.o(.ARM.exidx.text.CLK_GetHCLKFreq) refers to clk.o(.text.CLK_GetHCLKFreq) for [Anonymous Symbol]
    clk.o(.text.CLK_GetPCLKFreq) refers to system_nuc100series.o(.text.SystemCoreClockUpdate) for SystemCoreClockUpdate
    clk.o(.text.CLK_GetPCLKFreq) refers to system_nuc100series.o(.data..L_MergedGlobals) for SystemCoreClock
    clk.o(.ARM.exidx.text.CLK_GetPCLKFreq) refers to clk.o(.text.CLK_GetPCLKFreq) for [Anonymous Symbol]
    clk.o(.text.CLK_GetCPUFreq) refers to system_nuc100series.o(.text.SystemCoreClockUpdate) for SystemCoreClockUpdate
    clk.o(.text.CLK_GetCPUFreq) refers to system_nuc100series.o(.data..L_MergedGlobals) for SystemCoreClock
    clk.o(.ARM.exidx.text.CLK_GetCPUFreq) refers to clk.o(.text.CLK_GetCPUFreq) for [Anonymous Symbol]
    clk.o(.text.CLK_SetCoreClock) refers to clk.o(.text.CLK_EnablePLL) for CLK_EnablePLL
    clk.o(.text.CLK_SetCoreClock) refers to clk.o(.text.CLK_SetHCLK) for CLK_SetHCLK
    clk.o(.ARM.exidx.text.CLK_SetCoreClock) refers to clk.o(.text.CLK_SetCoreClock) for [Anonymous Symbol]
    clk.o(.text.CLK_EnablePLL) refers to clk.o(.text.CLK_WaitClockReady) for CLK_WaitClockReady
    clk.o(.text.CLK_EnablePLL) refers to aeabi_sdiv.o(.text) for __aeabi_uidiv
    clk.o(.ARM.exidx.text.CLK_EnablePLL) refers to clk.o(.text.CLK_EnablePLL) for [Anonymous Symbol]
    clk.o(.text.CLK_SetHCLK) refers to system_nuc100series.o(.text.SystemCoreClockUpdate) for SystemCoreClockUpdate
    clk.o(.ARM.exidx.text.CLK_SetHCLK) refers to clk.o(.text.CLK_SetHCLK) for [Anonymous Symbol]
    clk.o(.ARM.exidx.text.CLK_SetSysTickClockSrc) refers to clk.o(.text.CLK_SetSysTickClockSrc) for [Anonymous Symbol]
    clk.o(.ARM.exidx.text.CLK_EnableXtalRC) refers to clk.o(.text.CLK_EnableXtalRC) for [Anonymous Symbol]
    clk.o(.ARM.exidx.text.CLK_DisableXtalRC) refers to clk.o(.text.CLK_DisableXtalRC) for [Anonymous Symbol]
    clk.o(.ARM.exidx.text.CLK_WaitClockReady) refers to clk.o(.text.CLK_WaitClockReady) for [Anonymous Symbol]
    clk.o(.ARM.exidx.text.CLK_DisablePLL) refers to clk.o(.text.CLK_DisablePLL) for [Anonymous Symbol]
    lcd.o(.text.init_SPI3) refers to spi.o(.text.SPI_Open) for SPI_Open
    lcd.o(.text.init_SPI3) refers to spi.o(.text.SPI_DisableAutoSS) for SPI_DisableAutoSS
    lcd.o(.ARM.exidx.text.init_SPI3) refers to lcd.o(.text.init_SPI3) for [Anonymous Symbol]
    lcd.o(.ARM.exidx.text.lcdWriteCommand) refers to lcd.o(.text.lcdWriteCommand) for [Anonymous Symbol]
    lcd.o(.ARM.exidx.text.lcdWriteData) refers to lcd.o(.text.lcdWriteData) for [Anonymous Symbol]
    lcd.o(.ARM.exidx.text.lcdSetAddr) refers to lcd.o(.text.lcdSetAddr) for [Anonymous Symbol]
    lcd.o(.text.init_LCD) refers to lcd.o(.text.init_SPI3) for init_SPI3
    lcd.o(.text.init_LCD) refers to lcd.o(.text.lcdWriteCommand) for lcdWriteCommand
    lcd.o(.ARM.exidx.text.init_LCD) refers to lcd.o(.text.init_LCD) for [Anonymous Symbol]
    lcd.o(.text.clear_LCD) refers to lcd.o(.text.lcdSetAddr) for lcdSetAddr
    lcd.o(.text.clear_LCD) refers to lcd.o(.text.lcdWriteData) for lcdWriteData
    lcd.o(.text.clear_LCD) refers to lcd.o(.bss.DisplayBuffer) for DisplayBuffer
    lcd.o(.ARM.exidx.text.clear_LCD) refers to lcd.o(.text.clear_LCD) for [Anonymous Symbol]
    lcd.o(.text.printC) refers to lcd.o(.text.lcdSetAddr) for lcdSetAddr
    lcd.o(.text.printC) refers to lcd.o(.text.lcdWriteData) for lcdWriteData
    lcd.o(.text.printC) refers to lcd.o(.data.Font8x16) for Font8x16
    lcd.o(.ARM.exidx.text.printC) refers to lcd.o(.text.printC) for [Anonymous Symbol]
    lcd.o(.text.printC_5x7) refers to lcd.o(.text.lcdSetAddr) for lcdSetAddr
    lcd.o(.text.printC_5x7) refers to lcd.o(.text.lcdWriteData) for lcdWriteData
    lcd.o(.text.printC_5x7) refers to lcd.o(.rodata.Font5x7) for [Anonymous Symbol]
    lcd.o(.ARM.exidx.text.printC_5x7) refers to lcd.o(.text.printC_5x7) for [Anonymous Symbol]
    lcd.o(.text.print_Line) refers to strlen.o(.text) for strlen
    lcd.o(.text.print_Line) refers to lcd.o(.text.printC) for printC
    lcd.o(.ARM.exidx.text.print_Line) refers to lcd.o(.text.print_Line) for [Anonymous Symbol]
    lcd.o(.text.printS) refers to strlen.o(.text) for strlen
    lcd.o(.text.printS) refers to lcd.o(.text.printC) for printC
    lcd.o(.ARM.exidx.text.printS) refers to lcd.o(.text.printS) for [Anonymous Symbol]
    lcd.o(.text.printS_5x7) refers to strlen.o(.text) for strlen
    lcd.o(.text.printS_5x7) refers to lcd.o(.text.printC_5x7) for printC_5x7
    lcd.o(.ARM.exidx.text.printS_5x7) refers to lcd.o(.text.printS_5x7) for [Anonymous Symbol]
    lcd.o(.text.draw_Bmp8x8) refers to lcd.o(.text.draw_Pixel) for draw_Pixel
    lcd.o(.ARM.exidx.text.draw_Bmp8x8) refers to lcd.o(.text.draw_Bmp8x8) for [Anonymous Symbol]
    lcd.o(.text.draw_Pixel) refers to lcd.o(.text.lcdSetAddr) for lcdSetAddr
    lcd.o(.text.draw_Pixel) refers to lcd.o(.text.lcdWriteData) for lcdWriteData
    lcd.o(.text.draw_Pixel) refers to lcd.o(.bss.DisplayBuffer) for DisplayBuffer
    lcd.o(.ARM.exidx.text.draw_Pixel) refers to lcd.o(.text.draw_Pixel) for [Anonymous Symbol]
    lcd.o(.text.draw_Bmp32x8) refers to lcd.o(.text.draw_Pixel) for draw_Pixel
    lcd.o(.ARM.exidx.text.draw_Bmp32x8) refers to lcd.o(.text.draw_Bmp32x8) for [Anonymous Symbol]
    lcd.o(.text.draw_Bmp120x8) refers to lcd.o(.text.draw_Pixel) for draw_Pixel
    lcd.o(.ARM.exidx.text.draw_Bmp120x8) refers to lcd.o(.text.draw_Bmp120x8) for [Anonymous Symbol]
    lcd.o(.text.draw_Bmp8x16) refers to lcd.o(.text.draw_Pixel) for draw_Pixel
    lcd.o(.ARM.exidx.text.draw_Bmp8x16) refers to lcd.o(.text.draw_Bmp8x16) for [Anonymous Symbol]
    lcd.o(.text.draw_Bmp16x8) refers to lcd.o(.text.draw_Pixel) for draw_Pixel
    lcd.o(.ARM.exidx.text.draw_Bmp16x8) refers to lcd.o(.text.draw_Bmp16x8) for [Anonymous Symbol]
    lcd.o(.text.draw_Bmp16x16) refers to lcd.o(.text.draw_Pixel) for draw_Pixel
    lcd.o(.ARM.exidx.text.draw_Bmp16x16) refers to lcd.o(.text.draw_Bmp16x16) for [Anonymous Symbol]
    lcd.o(.text.draw_Bmp16x24) refers to lcd.o(.text.draw_Pixel) for draw_Pixel
    lcd.o(.ARM.exidx.text.draw_Bmp16x24) refers to lcd.o(.text.draw_Bmp16x24) for [Anonymous Symbol]
    lcd.o(.text.draw_Bmp16x32) refers to lcd.o(.text.draw_Pixel) for draw_Pixel
    lcd.o(.ARM.exidx.text.draw_Bmp16x32) refers to lcd.o(.text.draw_Bmp16x32) for [Anonymous Symbol]
    lcd.o(.text.draw_Bmp16x40) refers to lcd.o(.text.draw_Pixel) for draw_Pixel
    lcd.o(.ARM.exidx.text.draw_Bmp16x40) refers to lcd.o(.text.draw_Bmp16x40) for [Anonymous Symbol]
    lcd.o(.text.draw_Bmp16x48) refers to lcd.o(.text.draw_Pixel) for draw_Pixel
    lcd.o(.ARM.exidx.text.draw_Bmp16x48) refers to lcd.o(.text.draw_Bmp16x48) for [Anonymous Symbol]
    lcd.o(.text.draw_Bmp16x64) refers to lcd.o(.text.draw_Pixel) for draw_Pixel
    lcd.o(.ARM.exidx.text.draw_Bmp16x64) refers to lcd.o(.text.draw_Bmp16x64) for [Anonymous Symbol]
    lcd.o(.text.draw_Bmp32x16) refers to lcd.o(.text.draw_Pixel) for draw_Pixel
    lcd.o(.ARM.exidx.text.draw_Bmp32x16) refers to lcd.o(.text.draw_Bmp32x16) for [Anonymous Symbol]
    lcd.o(.text.draw_Bmp32x32) refers to lcd.o(.text.draw_Pixel) for draw_Pixel
    lcd.o(.ARM.exidx.text.draw_Bmp32x32) refers to lcd.o(.text.draw_Bmp32x32) for [Anonymous Symbol]
    lcd.o(.text.draw_Bmp32x48) refers to lcd.o(.text.draw_Pixel) for draw_Pixel
    lcd.o(.ARM.exidx.text.draw_Bmp32x48) refers to lcd.o(.text.draw_Bmp32x48) for [Anonymous Symbol]
    lcd.o(.text.draw_Bmp32x64) refers to lcd.o(.text.draw_Pixel) for draw_Pixel
    lcd.o(.ARM.exidx.text.draw_Bmp32x64) refers to lcd.o(.text.draw_Bmp32x64) for [Anonymous Symbol]
    lcd.o(.text.draw_Bmp64x64) refers to lcd.o(.text.draw_Pixel) for draw_Pixel
    lcd.o(.ARM.exidx.text.draw_Bmp64x64) refers to lcd.o(.text.draw_Bmp64x64) for [Anonymous Symbol]
    lcd.o(.text.draw_LCD) refers to lcd.o(.text.lcdSetAddr) for lcdSetAddr
    lcd.o(.text.draw_LCD) refers to lcd.o(.text.lcdWriteData) for lcdWriteData
    lcd.o(.ARM.exidx.text.draw_LCD) refers to lcd.o(.text.draw_LCD) for [Anonymous Symbol]
    __2sprintf.o(.text) refers to _printf_char_common.o(.text) for _printf_char_common
    __2sprintf.o(.text) refers to _sputc.o(.text) for _sputc
    noretval__2sprintf.o(.text) refers to _printf_char_common.o(.text) for _printf_char_common
    noretval__2sprintf.o(.text) refers to _sputc.o(.text) for _sputc
    __printf.o(.text) refers to _printf_percent.o(.ARM.Collect$$_printf_percent$$00000000) for _printf_percent
    _printf_dec.o(.text) refers to rtudiv10.o(.text) for __rt_udiv10
    _printf_dec.o(.text) refers to _printf_intcommon.o(.text) for _printf_int_common
    __printf_flags.o(.text) refers to _printf_percent.o(.ARM.Collect$$_printf_percent$$00000000) for _printf_percent
    __printf_flags.o(.text) refers to __printf_flags.o(.constdata) for .constdata
    __printf_ss.o(.text) refers to _printf_percent.o(.ARM.Collect$$_printf_percent$$00000000) for _printf_percent
    __printf_flags_ss.o(.text) refers to _printf_percent.o(.ARM.Collect$$_printf_percent$$00000000) for _printf_percent
    __printf_flags_ss.o(.text) refers to __printf_flags_ss.o(.constdata) for .constdata
    __printf_wp.o(.text) refers to __printf_wp.o(i._is_digit) for _is_digit
    __printf_wp.o(.text) refers to _printf_percent.o(.ARM.Collect$$_printf_percent$$00000000) for _printf_percent
    __printf_flags_wp.o(.text) refers to __printf_wp.o(i._is_digit) for _is_digit
    __printf_flags_wp.o(.text) refers to _printf_percent.o(.ARM.Collect$$_printf_percent$$00000000) for _printf_percent
    __printf_flags_wp.o(.text) refers to __printf_flags_wp.o(.constdata) for .constdata
    __printf_ss_wp.o(.text) refers to __printf_wp.o(i._is_digit) for _is_digit
    __printf_ss_wp.o(.text) refers to _printf_percent.o(.ARM.Collect$$_printf_percent$$00000000) for _printf_percent
    __printf_flags_ss_wp.o(.text) refers to __printf_wp.o(i._is_digit) for _is_digit
    __printf_flags_ss_wp.o(.text) refers to _printf_percent.o(.ARM.Collect$$_printf_percent$$00000000) for _printf_percent
    __printf_flags_ss_wp.o(.text) refers to __printf_flags_ss_wp.o(.constdata) for .constdata
    _printf_d.o(.ARM.Collect$$_printf_percent$$00000009) refers (Weak) to _printf_dec.o(.text) for _printf_int_dec
    _printf_percent.o(.ARM.Collect$$_printf_percent$$00000000) refers (Special) to _printf_percent_end.o(.ARM.Collect$$_printf_percent$$00000017) for _printf_percent_end
    __main.o(!!!main) refers to __rtentry.o(.ARM.Collect$$rtentry$$00000000) for __rt_entry
    __rtentry.o(.ARM.Collect$$rtentry$$00000000) refers (Special) to __rtentry2.o(.ARM.Collect$$rtentry$$0000000A) for __rt_entry_li
    __rtentry.o(.ARM.Collect$$rtentry$$00000000) refers (Special) to __rtentry2.o(.ARM.Collect$$rtentry$$0000000D) for __rt_entry_main
    __rtentry.o(.ARM.Collect$$rtentry$$00000000) refers (Special) to __rtentry2.o(.ARM.Collect$$rtentry$$0000000C) for __rt_entry_postli_1
    __rtentry.o(.ARM.Collect$$rtentry$$00000000) refers (Special) to __rtentry2.o(.ARM.Collect$$rtentry$$00000009) for __rt_entry_postsh_1
    __rtentry.o(.ARM.Collect$$rtentry$$00000000) refers (Special) to __rtentry2.o(.ARM.Collect$$rtentry$$00000002) for __rt_entry_presh_1
    __rtentry.o(.ARM.Collect$$rtentry$$00000000) refers (Special) to __rtentry4.o(.ARM.Collect$$rtentry$$00000004) for __rt_entry_sh
    aeabi_idiv0_sigfpe.o(.text) refers to rt_div0.o(.text) for __rt_div0
    _printf_char_common.o(.text) refers to __printf.o(.text) for __printf
    __rtentry2.o(.ARM.Collect$$rtentry$$00000008) refers to boardinit2.o(.text) for _platform_post_stackheap_init
    __rtentry2.o(.ARM.Collect$$rtentry$$0000000A) refers to libinit.o(.ARM.Collect$$libinit$$00000000) for __rt_lib_init
    __rtentry2.o(.ARM.Collect$$rtentry$$0000000B) refers to boardinit3.o(.text) for _platform_post_lib_init
    __rtentry2.o(.ARM.Collect$$rtentry$$0000000D) refers to main.o(.text.main) for main
    __rtentry2.o(.ARM.Collect$$rtentry$$0000000D) refers to exit.o(.text) for exit
    __rtentry2.o(.ARM.exidx) refers to __rtentry2.o(.ARM.Collect$$rtentry$$00000001) for .ARM.Collect$$rtentry$$00000001
    __rtentry2.o(.ARM.exidx) refers to __rtentry2.o(.ARM.Collect$$rtentry$$00000008) for .ARM.Collect$$rtentry$$00000008
    __rtentry2.o(.ARM.exidx) refers to __rtentry2.o(.ARM.Collect$$rtentry$$0000000A) for .ARM.Collect$$rtentry$$0000000A
    __rtentry2.o(.ARM.exidx) refers to __rtentry2.o(.ARM.Collect$$rtentry$$0000000B) for .ARM.Collect$$rtentry$$0000000B
    __rtentry2.o(.ARM.exidx) refers to __rtentry2.o(.ARM.Collect$$rtentry$$0000000D) for .ARM.Collect$$rtentry$$0000000D
    __rtentry4.o(.ARM.Collect$$rtentry$$00000004) refers to sys_stackheap_outer.o(.text) for __user_setup_stackheap
    __rtentry4.o(.ARM.exidx) refers to __rtentry4.o(.ARM.Collect$$rtentry$$00000004) for .ARM.Collect$$rtentry$$00000004
    rt_div0.o(.text) refers to defsig_fpe_outer.o(.text) for __rt_SIGFPE
    sys_stackheap_outer.o(.text) refers to libspace.o(.text) for __user_perproc_libspace
    sys_stackheap_outer.o(.text) refers to startup_nuc100series.o(.text) for __user_initial_stackheap
    sys_stackheap_outer.o(__vectab_stack_and_reset_area) refers to tempstk.o(.text) for __temporary_stack_top
    sys_stackheap_outer.o(__vectab_stack_and_reset_area) refers to __main.o(!!!main) for __main
    exit.o(.text) refers to rtexit.o(.ARM.Collect$$rtexit$$00000000) for __rt_exit
    defsig_fpe_outer.o(.text) refers to defsig_fpe_inner.o(.text) for __rt_SIGFPE_inner
    defsig_fpe_outer.o(.text) refers to defsig_exit.o(.text) for __sig_exit
    defsig_fpe_formal.o(.text) refers to rt_raise.o(.text) for __rt_raise
    libinit.o(.ARM.Collect$$libinit$$00000000) refers (Special) to libinit2.o(.ARM.Collect$$libinit$$0000002E) for __rt_lib_init_alloca_1
    libinit.o(.ARM.Collect$$libinit$$00000000) refers (Special) to libinit2.o(.ARM.Collect$$libinit$$0000002C) for __rt_lib_init_argv_1
    libinit.o(.ARM.Collect$$libinit$$00000000) refers (Special) to libinit2.o(.ARM.Collect$$libinit$$0000001B) for __rt_lib_init_atexit_1
    libinit.o(.ARM.Collect$$libinit$$00000000) refers (Special) to libinit2.o(.ARM.Collect$$libinit$$00000021) for __rt_lib_init_clock_1
    libinit.o(.ARM.Collect$$libinit$$00000000) refers (Special) to libinit2.o(.ARM.Collect$$libinit$$00000032) for __rt_lib_init_cpp_1
    libinit.o(.ARM.Collect$$libinit$$00000000) refers (Special) to libinit2.o(.ARM.Collect$$libinit$$00000030) for __rt_lib_init_exceptions_1
    libinit.o(.ARM.Collect$$libinit$$00000000) refers (Special) to libinit2.o(.ARM.Collect$$libinit$$00000002) for __rt_lib_init_fp_1
    libinit.o(.ARM.Collect$$libinit$$00000000) refers (Special) to libinit2.o(.ARM.Collect$$libinit$$0000001F) for __rt_lib_init_fp_trap_1
    libinit.o(.ARM.Collect$$libinit$$00000000) refers (Special) to libinit2.o(.ARM.Collect$$libinit$$00000023) for __rt_lib_init_getenv_1
    libinit.o(.ARM.Collect$$libinit$$00000000) refers (Special) to libinit2.o(.ARM.Collect$$libinit$$0000000A) for __rt_lib_init_heap_1
    libinit.o(.ARM.Collect$$libinit$$00000000) refers (Special) to libinit2.o(.ARM.Collect$$libinit$$00000011) for __rt_lib_init_lc_collate_1
    libinit.o(.ARM.Collect$$libinit$$00000000) refers (Special) to libinit2.o(.ARM.Collect$$libinit$$00000013) for __rt_lib_init_lc_ctype_1
    libinit.o(.ARM.Collect$$libinit$$00000000) refers (Special) to libinit2.o(.ARM.Collect$$libinit$$00000015) for __rt_lib_init_lc_monetary_1
    libinit.o(.ARM.Collect$$libinit$$00000000) refers (Special) to libinit2.o(.ARM.Collect$$libinit$$00000017) for __rt_lib_init_lc_numeric_1
    libinit.o(.ARM.Collect$$libinit$$00000000) refers (Special) to libinit2.o(.ARM.Collect$$libinit$$00000019) for __rt_lib_init_lc_time_1
    libinit.o(.ARM.Collect$$libinit$$00000000) refers (Special) to libinit2.o(.ARM.Collect$$libinit$$00000004) for __rt_lib_init_preinit_1
    libinit.o(.ARM.Collect$$libinit$$00000000) refers (Special) to libinit2.o(.ARM.Collect$$libinit$$0000000E) for __rt_lib_init_rand_1
    libinit.o(.ARM.Collect$$libinit$$00000000) refers (Special) to libinit2.o(.ARM.Collect$$libinit$$00000033) for __rt_lib_init_return
    libinit.o(.ARM.Collect$$libinit$$00000000) refers (Special) to libinit2.o(.ARM.Collect$$libinit$$0000001D) for __rt_lib_init_signal_1
    libinit.o(.ARM.Collect$$libinit$$00000000) refers (Special) to libinit2.o(.ARM.Collect$$libinit$$00000025) for __rt_lib_init_stdio_1
    libinit.o(.ARM.Collect$$libinit$$00000000) refers (Special) to libinit2.o(.ARM.Collect$$libinit$$0000000C) for __rt_lib_init_user_alloc_1
    libspace.o(.text) refers to libspace.o(.bss) for __libspace_start
    rtexit.o(.ARM.Collect$$rtexit$$00000000) refers (Special) to rtexit2.o(.ARM.Collect$$rtexit$$00000004) for __rt_exit_exit
    rtexit.o(.ARM.Collect$$rtexit$$00000000) refers (Special) to rtexit2.o(.ARM.Collect$$rtexit$$00000003) for __rt_exit_ls
    rtexit.o(.ARM.Collect$$rtexit$$00000000) refers (Special) to rtexit2.o(.ARM.Collect$$rtexit$$00000002) for __rt_exit_prels_1
    rtexit.o(.ARM.exidx) refers (Special) to rtexit2.o(.ARM.Collect$$rtexit$$00000004) for __rt_exit_exit
    rtexit.o(.ARM.exidx) refers (Special) to rtexit2.o(.ARM.Collect$$rtexit$$00000003) for __rt_exit_ls
    rtexit.o(.ARM.exidx) refers (Special) to rtexit2.o(.ARM.Collect$$rtexit$$00000002) for __rt_exit_prels_1
    rtexit.o(.ARM.exidx) refers to rtexit.o(.ARM.Collect$$rtexit$$00000000) for .ARM.Collect$$rtexit$$00000000
    rt_raise.o(.text) refers to __raise.o(.text) for __raise
    rt_raise.o(.text) refers to sys_exit.o(.text) for _sys_exit
    defsig_exit.o(.text) refers to sys_exit.o(.text) for _sys_exit
    defsig_fpe_inner.o(.text) refers to defsig_general.o(.text) for __default_signal_display
    libinit2.o(.ARM.Collect$$libinit$$00000010) refers to libinit2.o(.ARM.Collect$$libinit$$0000000F) for .ARM.Collect$$libinit$$0000000F
    libinit2.o(.ARM.Collect$$libinit$$00000012) refers to libinit2.o(.ARM.Collect$$libinit$$0000000F) for .ARM.Collect$$libinit$$0000000F
    libinit2.o(.ARM.Collect$$libinit$$00000014) refers to libinit2.o(.ARM.Collect$$libinit$$0000000F) for .ARM.Collect$$libinit$$0000000F
    libinit2.o(.ARM.Collect$$libinit$$00000016) refers to libinit2.o(.ARM.Collect$$libinit$$0000000F) for .ARM.Collect$$libinit$$0000000F
    libinit2.o(.ARM.Collect$$libinit$$00000018) refers to libinit2.o(.ARM.Collect$$libinit$$0000000F) for .ARM.Collect$$libinit$$0000000F
    libinit2.o(.ARM.Collect$$libinit$$00000026) refers to argv_veneer.o(.text) for __ARM_argv_veneer
    libinit2.o(.ARM.Collect$$libinit$$00000027) refers to argv_veneer.o(.text) for __ARM_argv_veneer
    sys_exit.o(.text) refers (Special) to use_no_semi.o(.text) for __I$use$semihosting
    sys_exit.o(.text) refers (Special) to indicate_semi.o(.text) for __semihosting_library_function
    sys_exit_hlt.o(.text) refers (Special) to use_no_semi.o(.text) for __I$use$semihosting
    sys_exit_hlt.o(.text) refers (Special) to indicate_semi.o(.text) for __semihosting_library_function
    rtexit2.o(.ARM.Collect$$rtexit$$00000003) refers to libshutdown.o(.ARM.Collect$$libshutdown$$00000000) for __rt_lib_shutdown
    rtexit2.o(.ARM.Collect$$rtexit$$00000004) refers to sys_exit.o(.text) for _sys_exit
    rtexit2.o(.ARM.exidx) refers to rtexit2.o(.ARM.Collect$$rtexit$$00000001) for .ARM.Collect$$rtexit$$00000001
    rtexit2.o(.ARM.exidx) refers to rtexit2.o(.ARM.Collect$$rtexit$$00000003) for .ARM.Collect$$rtexit$$00000003
    rtexit2.o(.ARM.exidx) refers to rtexit2.o(.ARM.Collect$$rtexit$$00000004) for .ARM.Collect$$rtexit$$00000004
    __raise.o(.text) refers to defsig.o(CL$$defsig) for __default_signal_handler
    defsig_general.o(.text) refers to sys_wrch.o(.text) for _ttywrch
    sys_wrch.o(.text) refers (Special) to use_no_semi.o(.text) for __I$use$semihosting
    sys_wrch.o(.text) refers (Special) to indicate_semi.o(.text) for __semihosting_library_function
    sys_wrch_hlt.o(.text) refers (Special) to use_no_semi.o(.text) for __I$use$semihosting
    sys_wrch_hlt.o(.text) refers (Special) to indicate_semi.o(.text) for __semihosting_library_function
    defsig.o(CL$$defsig) refers to defsig_fpe_inner.o(.text) for __rt_SIGFPE_inner
    defsig.o(CL$$defsig) refers to defsig_rtmem_inner.o(.text) for __rt_SIGRTMEM_inner
    _get_argv_nomalloc.o(.text) refers (Special) to hrguard.o(.text) for __heap_region$guard
    _get_argv_nomalloc.o(.text) refers to defsig_rtmem_outer.o(.text) for __rt_SIGRTMEM
    _get_argv_nomalloc.o(.text) refers to sys_command.o(.text) for _sys_command_string
    libshutdown.o(.ARM.Collect$$libshutdown$$00000000) refers (Special) to libshutdown2.o(.ARM.Collect$$libshutdown$$00000002) for __rt_lib_shutdown_cpp_1
    libshutdown.o(.ARM.Collect$$libshutdown$$00000000) refers (Special) to libshutdown2.o(.ARM.Collect$$libshutdown$$00000007) for __rt_lib_shutdown_fp_trap_1
    libshutdown.o(.ARM.Collect$$libshutdown$$00000000) refers (Special) to libshutdown2.o(.ARM.Collect$$libshutdown$$0000000F) for __rt_lib_shutdown_heap_1
    libshutdown.o(.ARM.Collect$$libshutdown$$00000000) refers (Special) to libshutdown2.o(.ARM.Collect$$libshutdown$$00000010) for __rt_lib_shutdown_return
    libshutdown.o(.ARM.Collect$$libshutdown$$00000000) refers (Special) to libshutdown2.o(.ARM.Collect$$libshutdown$$0000000A) for __rt_lib_shutdown_signal_1
    libshutdown.o(.ARM.Collect$$libshutdown$$00000000) refers (Special) to libshutdown2.o(.ARM.Collect$$libshutdown$$00000004) for __rt_lib_shutdown_stdio_1
    libshutdown.o(.ARM.Collect$$libshutdown$$00000000) refers (Special) to libshutdown2.o(.ARM.Collect$$libshutdown$$0000000C) for __rt_lib_shutdown_user_alloc_1
    sys_command.o(.text) refers (Special) to use_no_semi.o(.text) for __I$use$semihosting
    sys_command.o(.text) refers (Special) to indicate_semi.o(.text) for __semihosting_library_function
    sys_command_hlt.o(.text) refers (Special) to use_no_semi.o(.text) for __I$use$semihosting
    sys_command_hlt.o(.text) refers (Special) to indicate_semi.o(.text) for __semihosting_library_function
    defsig_abrt_inner.o(.text) refers to defsig_general.o(.text) for __default_signal_display
    defsig_rtred_inner.o(.text) refers to defsig_general.o(.text) for __default_signal_display
    defsig_rtmem_inner.o(.text) refers to defsig_general.o(.text) for __default_signal_display
    defsig_rtmem_outer.o(.text) refers to defsig_rtmem_inner.o(.text) for __rt_SIGRTMEM_inner
    defsig_rtmem_outer.o(.text) refers to defsig_exit.o(.text) for __sig_exit
    defsig_rtmem_formal.o(.text) refers to rt_raise.o(.text) for __rt_raise
    defsig_stak_inner.o(.text) refers to defsig_general.o(.text) for __default_signal_display
    defsig_pvfn_inner.o(.text) refers to defsig_general.o(.text) for __default_signal_display
    defsig_cppl_inner.o(.text) refers to defsig_general.o(.text) for __default_signal_display
    defsig_segv_inner.o(.text) refers to defsig_general.o(.text) for __default_signal_display
    defsig_other.o(.text) refers to defsig_general.o(.text) for __default_signal_display


==============================================================================

Removing Unused input sections from the image.

    Removing system_nuc100series.o(.text), (0 bytes).
    Removing system_nuc100series.o(.text.SystemCoreClockUpdate), (152 bytes).
    Removing system_nuc100series.o(.ARM.exidx.text.SystemCoreClockUpdate), (8 bytes).
    Removing system_nuc100series.o(.ARM.exidx.text.SystemInit), (8 bytes).
    Removing main.o(.text), (0 bytes).
    Removing main.o(.ARM.exidx.text.main), (8 bytes).
    Removing main.o(.ARM.exidx.text.System_Config), (8 bytes).
    Removing main.o(.ARM.exidx.text.SPI3_Config), (8 bytes).
    Removing main.o(.ARM.exidx.text.ADC7_Config), (8 bytes).
    Removing main.o(.ARM.exidx.text.LCD_start), (8 bytes).
    Removing main.o(.ARM.exidx.text.LCD_clear), (8 bytes).
    Removing main.o(.ARM.exidx.text.Off_chip_device_data_transmit), (8 bytes).
    Removing main.o(.text.Buzzer_setup), (28 bytes).
    Removing main.o(.ARM.exidx.text.Buzzer_setup), (8 bytes).
    Removing main.o(.ARM.exidx.text.Data_send), (8 bytes).
    Removing main.o(.ARM.exidx.text.Buzzer_on), (8 bytes).
    Removing main.o(.ARM.exidx.text.LCD_command), (8 bytes).
    Removing main.o(.ARM.exidx.text.LCD_data), (8 bytes).
    Removing main.o(.ARM.exidx.text.LCD_SetAddress), (8 bytes).
    Removing main.o(.text.SPI2_Config), (124 bytes).
    Removing main.o(.ARM.exidx.text.SPI2_Config), (8 bytes).
    Removing main.o(.ARM.exidx.text.ADC_IRQHandler), (8 bytes).
    Removing main.o(.ARM.use_no_argv), (4 bytes).
    Removing gpio.o(.text), (0 bytes).
    Removing gpio.o(.text.GPIO_SetMode), (42 bytes).
    Removing gpio.o(.ARM.exidx.text.GPIO_SetMode), (8 bytes).
    Removing gpio.o(.text.GPIO_EnableInt), (28 bytes).
    Removing gpio.o(.ARM.exidx.text.GPIO_EnableInt), (8 bytes).
    Removing gpio.o(.text.GPIO_DisableInt), (28 bytes).
    Removing gpio.o(.ARM.exidx.text.GPIO_DisableInt), (8 bytes).
    Removing spi.o(.text), (0 bytes).
    Removing spi.o(.text.SPI_Open), (368 bytes).
    Removing spi.o(.ARM.exidx.text.SPI_Open), (8 bytes).
    Removing spi.o(.text.CLK_GetPLLClockFreq), (88 bytes).
    Removing spi.o(.ARM.exidx.text.CLK_GetPLLClockFreq), (8 bytes).
    Removing spi.o(.text.SPI_Close), (108 bytes).
    Removing spi.o(.ARM.exidx.text.SPI_Close), (8 bytes).
    Removing spi.o(.text.SPI_ClearRxFIFO), (10 bytes).
    Removing spi.o(.ARM.exidx.text.SPI_ClearRxFIFO), (8 bytes).
    Removing spi.o(.text.SPI_ClearTxFIFO), (10 bytes).
    Removing spi.o(.ARM.exidx.text.SPI_ClearTxFIFO), (8 bytes).
    Removing spi.o(.text.SPI_DisableAutoSS), (10 bytes).
    Removing spi.o(.ARM.exidx.text.SPI_DisableAutoSS), (8 bytes).
    Removing spi.o(.text.SPI_EnableAutoSS), (18 bytes).
    Removing spi.o(.ARM.exidx.text.SPI_EnableAutoSS), (8 bytes).
    Removing spi.o(.text.SPI_SetBusClock), (288 bytes).
    Removing spi.o(.ARM.exidx.text.SPI_SetBusClock), (8 bytes).
    Removing spi.o(.text.SPI_EnableFIFO), (32 bytes).
    Removing spi.o(.ARM.exidx.text.SPI_EnableFIFO), (8 bytes).
    Removing spi.o(.text.SPI_DisableFIFO), (12 bytes).
    Removing spi.o(.ARM.exidx.text.SPI_DisableFIFO), (8 bytes).
    Removing spi.o(.text.SPI_GetBusClock), (100 bytes).
    Removing spi.o(.ARM.exidx.text.SPI_GetBusClock), (8 bytes).
    Removing spi.o(.text.SPI_EnableInt), (80 bytes).
    Removing spi.o(.ARM.exidx.text.SPI_EnableInt), (8 bytes).
    Removing spi.o(.text.SPI_DisableInt), (80 bytes).
    Removing spi.o(.ARM.exidx.text.SPI_DisableInt), (8 bytes).
    Removing spi.o(.text.SPI_GetIntFlag), (90 bytes).
    Removing spi.o(.ARM.exidx.text.SPI_GetIntFlag), (8 bytes).
    Removing spi.o(.text.SPI_ClearIntFlag), (48 bytes).
    Removing spi.o(.ARM.exidx.text.SPI_ClearIntFlag), (8 bytes).
    Removing spi.o(.text.SPI_GetStatus), (78 bytes).
    Removing spi.o(.ARM.exidx.text.SPI_GetStatus), (8 bytes).
    Removing clk.o(.text), (0 bytes).
    Removing clk.o(.text.CLK_DisableCKO), (16 bytes).
    Removing clk.o(.ARM.exidx.text.CLK_DisableCKO), (8 bytes).
    Removing clk.o(.text.CLK_DisableModuleClock), (36 bytes).
    Removing clk.o(.ARM.exidx.text.CLK_DisableModuleClock), (8 bytes).
    Removing clk.o(.text.CLK_EnableCKO), (36 bytes).
    Removing clk.o(.ARM.exidx.text.CLK_EnableCKO), (8 bytes).
    Removing clk.o(.text.CLK_EnableModuleClock), (36 bytes).
    Removing clk.o(.ARM.exidx.text.CLK_EnableModuleClock), (8 bytes).
    Removing clk.o(.text.CLK_SetModuleClock), (176 bytes).
    Removing clk.o(.ARM.exidx.text.CLK_SetModuleClock), (8 bytes).
    Removing clk.o(.text.CLK_PowerDown), (36 bytes).
    Removing clk.o(.ARM.exidx.text.CLK_PowerDown), (8 bytes).
    Removing clk.o(.text.CLK_Idle), (32 bytes).
    Removing clk.o(.ARM.exidx.text.CLK_Idle), (8 bytes).
    Removing clk.o(.text.CLK_GetHXTFreq), (24 bytes).
    Removing clk.o(.ARM.exidx.text.CLK_GetHXTFreq), (8 bytes).
    Removing clk.o(.text.CLK_GetLXTFreq), (20 bytes).
    Removing clk.o(.ARM.exidx.text.CLK_GetLXTFreq), (8 bytes).
    Removing clk.o(.text.CLK_GetHCLKFreq), (16 bytes).
    Removing clk.o(.ARM.exidx.text.CLK_GetHCLKFreq), (8 bytes).
    Removing clk.o(.text.CLK_GetPCLKFreq), (16 bytes).
    Removing clk.o(.ARM.exidx.text.CLK_GetPCLKFreq), (8 bytes).
    Removing clk.o(.text.CLK_GetCPUFreq), (16 bytes).
    Removing clk.o(.ARM.exidx.text.CLK_GetCPUFreq), (8 bytes).
    Removing clk.o(.text.CLK_SetCoreClock), (116 bytes).
    Removing clk.o(.ARM.exidx.text.CLK_SetCoreClock), (8 bytes).
    Removing clk.o(.text.CLK_EnablePLL), (436 bytes).
    Removing clk.o(.ARM.exidx.text.CLK_EnablePLL), (8 bytes).
    Removing clk.o(.text.CLK_SetHCLK), (68 bytes).
    Removing clk.o(.ARM.exidx.text.CLK_SetHCLK), (8 bytes).
    Removing clk.o(.text.CLK_SetSysTickClockSrc), (20 bytes).
    Removing clk.o(.ARM.exidx.text.CLK_SetSysTickClockSrc), (8 bytes).
    Removing clk.o(.text.CLK_EnableXtalRC), (16 bytes).
    Removing clk.o(.ARM.exidx.text.CLK_EnableXtalRC), (8 bytes).
    Removing clk.o(.text.CLK_DisableXtalRC), (16 bytes).
    Removing clk.o(.ARM.exidx.text.CLK_DisableXtalRC), (8 bytes).
    Removing clk.o(.text.CLK_WaitClockReady), (32 bytes).
    Removing clk.o(.ARM.exidx.text.CLK_WaitClockReady), (8 bytes).
    Removing clk.o(.text.CLK_DisablePLL), (20 bytes).
    Removing clk.o(.ARM.exidx.text.CLK_DisablePLL), (8 bytes).
    Removing clk.o(.rodata.cst16), (16 bytes).
    Removing lcd.o(.text), (0 bytes).
    Removing lcd.o(.text.init_SPI3), (36 bytes).
    Removing lcd.o(.ARM.exidx.text.init_SPI3), (8 bytes).
    Removing lcd.o(.text.lcdWriteCommand), (44 bytes).
    Removing lcd.o(.ARM.exidx.text.lcdWriteCommand), (8 bytes).
    Removing lcd.o(.ARM.exidx.text.lcdWriteData), (8 bytes).
    Removing lcd.o(.ARM.exidx.text.lcdSetAddr), (8 bytes).
    Removing lcd.o(.text.init_LCD), (36 bytes).
    Removing lcd.o(.ARM.exidx.text.init_LCD), (8 bytes).
    Removing lcd.o(.text.clear_LCD), (76 bytes).
    Removing lcd.o(.ARM.exidx.text.clear_LCD), (8 bytes).
    Removing lcd.o(.text.printC), (108 bytes).
    Removing lcd.o(.ARM.exidx.text.printC), (8 bytes).
    Removing lcd.o(.ARM.exidx.text.printC_5x7), (8 bytes).
    Removing lcd.o(.text.print_Line), (36 bytes).
    Removing lcd.o(.ARM.exidx.text.print_Line), (8 bytes).
    Removing lcd.o(.text.printS), (42 bytes).
    Removing lcd.o(.ARM.exidx.text.printS), (8 bytes).
    Removing lcd.o(.ARM.exidx.text.printS_5x7), (8 bytes).
    Removing lcd.o(.text.draw_Bmp8x8), (82 bytes).
    Removing lcd.o(.ARM.exidx.text.draw_Bmp8x8), (8 bytes).
    Removing lcd.o(.text.draw_Pixel), (84 bytes).
    Removing lcd.o(.ARM.exidx.text.draw_Pixel), (8 bytes).
    Removing lcd.o(.text.draw_Bmp32x8), (82 bytes).
    Removing lcd.o(.ARM.exidx.text.draw_Bmp32x8), (8 bytes).
    Removing lcd.o(.text.draw_Bmp120x8), (82 bytes).
    Removing lcd.o(.ARM.exidx.text.draw_Bmp120x8), (8 bytes).
    Removing lcd.o(.text.draw_Bmp8x16), (134 bytes).
    Removing lcd.o(.ARM.exidx.text.draw_Bmp8x16), (8 bytes).
    Removing lcd.o(.text.draw_Bmp16x8), (82 bytes).
    Removing lcd.o(.ARM.exidx.text.draw_Bmp16x8), (8 bytes).
    Removing lcd.o(.text.draw_Bmp16x16), (112 bytes).
    Removing lcd.o(.ARM.exidx.text.draw_Bmp16x16), (8 bytes).
    Removing lcd.o(.text.draw_Bmp16x24), (112 bytes).
    Removing lcd.o(.ARM.exidx.text.draw_Bmp16x24), (8 bytes).
    Removing lcd.o(.text.draw_Bmp16x32), (112 bytes).
    Removing lcd.o(.ARM.exidx.text.draw_Bmp16x32), (8 bytes).
    Removing lcd.o(.text.draw_Bmp16x40), (112 bytes).
    Removing lcd.o(.ARM.exidx.text.draw_Bmp16x40), (8 bytes).
    Removing lcd.o(.text.draw_Bmp16x48), (112 bytes).
    Removing lcd.o(.ARM.exidx.text.draw_Bmp16x48), (8 bytes).
    Removing lcd.o(.text.draw_Bmp16x64), (106 bytes).
    Removing lcd.o(.ARM.exidx.text.draw_Bmp16x64), (8 bytes).
    Removing lcd.o(.text.draw_Bmp32x16), (142 bytes).
    Removing lcd.o(.ARM.exidx.text.draw_Bmp32x16), (8 bytes).
    Removing lcd.o(.text.draw_Bmp32x32), (142 bytes).
    Removing lcd.o(.ARM.exidx.text.draw_Bmp32x32), (8 bytes).
    Removing lcd.o(.text.draw_Bmp32x48), (142 bytes).
    Removing lcd.o(.ARM.exidx.text.draw_Bmp32x48), (8 bytes).
    Removing lcd.o(.text.draw_Bmp32x64), (136 bytes).
    Removing lcd.o(.ARM.exidx.text.draw_Bmp32x64), (8 bytes).
    Removing lcd.o(.text.draw_Bmp64x64), (136 bytes).
    Removing lcd.o(.ARM.exidx.text.draw_Bmp64x64), (8 bytes).
    Removing lcd.o(.text.draw_LCD), (54 bytes).
    Removing lcd.o(.ARM.exidx.text.draw_LCD), (8 bytes).
    Removing lcd.o(.data.Font8x16), (1520 bytes).
    Removing lcd.o(.bss.DisplayBuffer), (1024 bytes).

162 unused section(s) (total 8592 bytes) removed from the image.

==============================================================================

Image Symbol Table

    Local Symbols

    Symbol Name                              Value     Ov Type        Size  Object(Section)

    ../clib/angel/boardlib.s                 0x00000000   Number         0  boardinit1.o ABSOLUTE
    ../clib/angel/boardlib.s                 0x00000000   Number         0  boardinit2.o ABSOLUTE
    ../clib/angel/boardlib.s                 0x00000000   Number         0  boardinit3.o ABSOLUTE
    ../clib/angel/boardlib.s                 0x00000000   Number         0  boardshut.o ABSOLUTE
    ../clib/angel/handlers.s                 0x00000000   Number         0  __scatter_copy.o ABSOLUTE
    ../clib/angel/handlers.s                 0x00000000   Number         0  __scatter_zi.o ABSOLUTE
    ../clib/angel/kernel.s                   0x00000000   Number         0  __rtentry.o ABSOLUTE
    ../clib/angel/kernel.s                   0x00000000   Number         0  __rtentry2.o ABSOLUTE
    ../clib/angel/kernel.s                   0x00000000   Number         0  __rtentry4.o ABSOLUTE
    ../clib/angel/kernel.s                   0x00000000   Number         0  rtexit.o ABSOLUTE
    ../clib/angel/kernel.s                   0x00000000   Number         0  rtexit2.o ABSOLUTE
    ../clib/angel/rt.s                       0x00000000   Number         0  aeabi_idiv0.o ABSOLUTE
    ../clib/angel/rt.s                       0x00000000   Number         0  aeabi_idiv0_sigfpe.o ABSOLUTE
    ../clib/angel/rt.s                       0x00000000   Number         0  rt_div0.o ABSOLUTE
    ../clib/angel/rt.s                       0x00000000   Number         0  rt_raise.o ABSOLUTE
    ../clib/angel/scatterp.s                 0x00000000   Number         0  __scatter.o ABSOLUTE
    ../clib/angel/startup.s                  0x00000000   Number         0  __main.o ABSOLUTE
    ../clib/angel/sys.s                      0x00000000   Number         0  sys_stackheap_outer.o ABSOLUTE
    ../clib/angel/sys.s                      0x00000000   Number         0  libspace.o ABSOLUTE
    ../clib/angel/sys.s                      0x00000000   Number         0  tempstk.o ABSOLUTE
    ../clib/angel/sys.s                      0x00000000   Number         0  use_no_semi.o ABSOLUTE
    ../clib/angel/sys.s                      0x00000000   Number         0  indicate_semi.o ABSOLUTE
    ../clib/angel/sysapp.c                   0x00000000   Number         0  sys_exit.o ABSOLUTE
    ../clib/angel/sysapp.c                   0x00000000   Number         0  sys_exit_hlt.o ABSOLUTE
    ../clib/angel/sysapp.c                   0x00000000   Number         0  sys_wrch.o ABSOLUTE
    ../clib/angel/sysapp.c                   0x00000000   Number         0  sys_wrch_hlt.o ABSOLUTE
    ../clib/angel/sysapp.c                   0x00000000   Number         0  sys_command.o ABSOLUTE
    ../clib/angel/sysapp.c                   0x00000000   Number         0  sys_command_hlt.o ABSOLUTE
    ../clib/armsys.c                         0x00000000   Number         0  argv_veneer.o ABSOLUTE
    ../clib/armsys.c                         0x00000000   Number         0  _get_argv_nomalloc.o ABSOLUTE
    ../clib/armsys.c                         0x00000000   Number         0  no_argv.o ABSOLUTE
    ../clib/division.c                       0x00000000   Number         0  rtudiv10.o ABSOLUTE
    ../clib/division.s                       0x00000000   Number         0  aeabi_sdiv.o ABSOLUTE
    ../clib/division.s                       0x00000000   Number         0  aeabi_sdiv_div0.o ABSOLUTE
    ../clib/heapalloc.c                      0x00000000   Number         0  hrguard.o ABSOLUTE
    ../clib/heapaux.c                        0x00000000   Number         0  heapauxi.o ABSOLUTE
    ../clib/libinit.s                        0x00000000   Number         0  libinit.o ABSOLUTE
    ../clib/libinit.s                        0x00000000   Number         0  libinit2.o ABSOLUTE
    ../clib/libinit.s                        0x00000000   Number         0  libshutdown.o ABSOLUTE
    ../clib/libinit.s                        0x00000000   Number         0  libshutdown2.o ABSOLUTE
    ../clib/printf.c                         0x00000000   Number         0  __2sprintf.o ABSOLUTE
    ../clib/printf.c                         0x00000000   Number         0  noretval__2sprintf.o ABSOLUTE
    ../clib/printf.c                         0x00000000   Number         0  __printf.o ABSOLUTE
    ../clib/printf.c                         0x00000000   Number         0  _printf_dec.o ABSOLUTE
    ../clib/printf.c                         0x00000000   Number         0  __printf_flags.o ABSOLUTE
    ../clib/printf.c                         0x00000000   Number         0  __printf_ss.o ABSOLUTE
    ../clib/printf.c                         0x00000000   Number         0  __printf_flags_ss.o ABSOLUTE
    ../clib/printf.c                         0x00000000   Number         0  __printf_wp.o ABSOLUTE
    ../clib/printf.c                         0x00000000   Number         0  __printf_flags_wp.o ABSOLUTE
    ../clib/printf.c                         0x00000000   Number         0  __printf_ss_wp.o ABSOLUTE
    ../clib/printf.c                         0x00000000   Number         0  __printf_flags_ss_wp.o ABSOLUTE
    ../clib/printf.c                         0x00000000   Number         0  _printf_intcommon.o ABSOLUTE
    ../clib/printf.c                         0x00000000   Number         0  _printf_char_common.o ABSOLUTE
    ../clib/printf.c                         0x00000000   Number         0  _sputc.o ABSOLUTE
    ../clib/printf.c                         0x00000000   Number         0  __printf_nopercent.o ABSOLUTE
    ../clib/printf_percent.s                 0x00000000   Number         0  _printf_d.o ABSOLUTE
    ../clib/printf_percent.s                 0x00000000   Number         0  _printf_percent.o ABSOLUTE
    ../clib/printf_percent.s                 0x00000000   Number         0  _printf_percent_end.o ABSOLUTE
    ../clib/signal.c                         0x00000000   Number         0  defsig_fpe_outer.o ABSOLUTE
    ../clib/signal.c                         0x00000000   Number         0  defsig_fpe_formal.o ABSOLUTE
    ../clib/signal.c                         0x00000000   Number         0  defsig_exit.o ABSOLUTE
    ../clib/signal.c                         0x00000000   Number         0  defsig_fpe_inner.o ABSOLUTE
    ../clib/signal.c                         0x00000000   Number         0  __raise.o ABSOLUTE
    ../clib/signal.c                         0x00000000   Number         0  defsig_general.o ABSOLUTE
    ../clib/signal.c                         0x00000000   Number         0  defsig_abrt_inner.o ABSOLUTE
    ../clib/signal.c                         0x00000000   Number         0  defsig_rtred_inner.o ABSOLUTE
    ../clib/signal.c                         0x00000000   Number         0  defsig_rtmem_inner.o ABSOLUTE
    ../clib/signal.c                         0x00000000   Number         0  defsig_rtmem_outer.o ABSOLUTE
    ../clib/signal.c                         0x00000000   Number         0  defsig_rtmem_formal.o ABSOLUTE
    ../clib/signal.c                         0x00000000   Number         0  defsig_stak_inner.o ABSOLUTE
    ../clib/signal.c                         0x00000000   Number         0  defsig_pvfn_inner.o ABSOLUTE
    ../clib/signal.c                         0x00000000   Number         0  defsig_cppl_inner.o ABSOLUTE
    ../clib/signal.c                         0x00000000   Number         0  defsig_segv_inner.o ABSOLUTE
    ../clib/signal.c                         0x00000000   Number         0  defsig_other.o ABSOLUTE
    ../clib/signal.s                         0x00000000   Number         0  defsig.o ABSOLUTE
    ../clib/stdlib.c                         0x00000000   Number         0  exit.o ABSOLUTE
    ../clib/string.c                         0x00000000   Number         0  strlen.o ABSOLUTE
    ../fplib/cfplib/fpinit.c                 0x00000000   Number         0  fpinit.o ABSOLUTE
    C:/Keil_v5/Library/NUC100Series/Source/ARM/startup_NUC100Series.s 0x00000000   Number         0  startup_nuc100series.o ABSOLUTE
    LCD.c                                    0x00000000   Number         0  lcd.o ABSOLUTE
    clk.c                                    0x00000000   Number         0  clk.o ABSOLUTE
    dc.s                                     0x00000000   Number         0  dc.o ABSOLUTE
    gpio.c                                   0x00000000   Number         0  gpio.o ABSOLUTE
    main.c                                   0x00000000   Number         0  main.o ABSOLUTE
    spi.c                                    0x00000000   Number         0  spi.o ABSOLUTE
    system_NUC100Series.c                    0x00000000   Number         0  system_nuc100series.o ABSOLUTE
    RESET                                    0x00000000   Section      192  startup_nuc100series.o(RESET)
    !!!main                                  0x000000c0   Section        8  __main.o(!!!main)
    !!!scatter                               0x000000c8   Section       60  __scatter.o(!!!scatter)
    !!handler_copy                           0x00000104   Section       26  __scatter_copy.o(!!handler_copy)
    !!handler_zi                             0x00000120   Section       28  __scatter_zi.o(!!handler_zi)
    .ARM.Collect$$_printf_percent$$00000000  0x0000013c   Section        2  _printf_percent.o(.ARM.Collect$$_printf_percent$$00000000)
    .ARM.Collect$$_printf_percent$$00000009  0x0000013e   Section       10  _printf_d.o(.ARM.Collect$$_printf_percent$$00000009)
    .ARM.Collect$$_printf_percent$$00000017  0x00000148   Section        4  _printf_percent_end.o(.ARM.Collect$$_printf_percent$$00000017)
    .ARM.Collect$$libinit$$00000000          0x0000014c   Section        2  libinit.o(.ARM.Collect$$libinit$$00000000)
    .ARM.Collect$$libinit$$00000002          0x0000014e   Section        0  libinit2.o(.ARM.Collect$$libinit$$00000002)
    .ARM.Collect$$libinit$$00000004          0x0000014e   Section        0  libinit2.o(.ARM.Collect$$libinit$$00000004)
    .ARM.Collect$$libinit$$0000000A          0x0000014e   Section        0  libinit2.o(.ARM.Collect$$libinit$$0000000A)
    .ARM.Collect$$libinit$$0000000C          0x0000014e   Section        0  libinit2.o(.ARM.Collect$$libinit$$0000000C)
    .ARM.Collect$$libinit$$0000000E          0x0000014e   Section        0  libinit2.o(.ARM.Collect$$libinit$$0000000E)
    .ARM.Collect$$libinit$$00000011          0x0000014e   Section        0  libinit2.o(.ARM.Collect$$libinit$$00000011)
    .ARM.Collect$$libinit$$00000013          0x0000014e   Section        0  libinit2.o(.ARM.Collect$$libinit$$00000013)
    .ARM.Collect$$libinit$$00000015          0x0000014e   Section        0  libinit2.o(.ARM.Collect$$libinit$$00000015)
    .ARM.Collect$$libinit$$00000017          0x0000014e   Section        0  libinit2.o(.ARM.Collect$$libinit$$00000017)
    .ARM.Collect$$libinit$$00000019          0x0000014e   Section        0  libinit2.o(.ARM.Collect$$libinit$$00000019)
    .ARM.Collect$$libinit$$0000001B          0x0000014e   Section        0  libinit2.o(.ARM.Collect$$libinit$$0000001B)
    .ARM.Collect$$libinit$$0000001D          0x0000014e   Section        0  libinit2.o(.ARM.Collect$$libinit$$0000001D)
    .ARM.Collect$$libinit$$0000001F          0x0000014e   Section        0  libinit2.o(.ARM.Collect$$libinit$$0000001F)
    .ARM.Collect$$libinit$$00000021          0x0000014e   Section        0  libinit2.o(.ARM.Collect$$libinit$$00000021)
    .ARM.Collect$$libinit$$00000023          0x0000014e   Section        0  libinit2.o(.ARM.Collect$$libinit$$00000023)
    .ARM.Collect$$libinit$$00000025          0x0000014e   Section        0  libinit2.o(.ARM.Collect$$libinit$$00000025)
    .ARM.Collect$$libinit$$0000002C          0x0000014e   Section        0  libinit2.o(.ARM.Collect$$libinit$$0000002C)
    .ARM.Collect$$libinit$$0000002E          0x0000014e   Section        0  libinit2.o(.ARM.Collect$$libinit$$0000002E)
    .ARM.Collect$$libinit$$00000030          0x0000014e   Section        0  libinit2.o(.ARM.Collect$$libinit$$00000030)
    .ARM.Collect$$libinit$$00000032          0x0000014e   Section        0  libinit2.o(.ARM.Collect$$libinit$$00000032)
    .ARM.Collect$$libinit$$00000033          0x0000014e   Section        2  libinit2.o(.ARM.Collect$$libinit$$00000033)
    .ARM.Collect$$libshutdown$$00000000      0x00000150   Section        2  libshutdown.o(.ARM.Collect$$libshutdown$$00000000)
    .ARM.Collect$$libshutdown$$00000002      0x00000152   Section        0  libshutdown2.o(.ARM.Collect$$libshutdown$$00000002)
    .ARM.Collect$$libshutdown$$00000004      0x00000152   Section        0  libshutdown2.o(.ARM.Collect$$libshutdown$$00000004)
    .ARM.Collect$$libshutdown$$00000007      0x00000152   Section        0  libshutdown2.o(.ARM.Collect$$libshutdown$$00000007)
    .ARM.Collect$$libshutdown$$0000000A      0x00000152   Section        0  libshutdown2.o(.ARM.Collect$$libshutdown$$0000000A)
    .ARM.Collect$$libshutdown$$0000000C      0x00000152   Section        0  libshutdown2.o(.ARM.Collect$$libshutdown$$0000000C)
    .ARM.Collect$$libshutdown$$0000000F      0x00000152   Section        0  libshutdown2.o(.ARM.Collect$$libshutdown$$0000000F)
    .ARM.Collect$$libshutdown$$00000010      0x00000152   Section        2  libshutdown2.o(.ARM.Collect$$libshutdown$$00000010)
    .ARM.Collect$$rtentry$$00000000          0x00000154   Section        0  __rtentry.o(.ARM.Collect$$rtentry$$00000000)
    .ARM.Collect$$rtentry$$00000002          0x00000154   Section        0  __rtentry2.o(.ARM.Collect$$rtentry$$00000002)
    .ARM.Collect$$rtentry$$00000004          0x00000154   Section        6  __rtentry4.o(.ARM.Collect$$rtentry$$00000004)
    .ARM.Collect$$rtentry$$00000009          0x0000015a   Section        0  __rtentry2.o(.ARM.Collect$$rtentry$$00000009)
    .ARM.Collect$$rtentry$$0000000A          0x0000015a   Section        4  __rtentry2.o(.ARM.Collect$$rtentry$$0000000A)
    .ARM.Collect$$rtentry$$0000000C          0x0000015e   Section        0  __rtentry2.o(.ARM.Collect$$rtentry$$0000000C)
    .ARM.Collect$$rtentry$$0000000D          0x0000015e   Section        8  __rtentry2.o(.ARM.Collect$$rtentry$$0000000D)
    .ARM.Collect$$rtexit$$00000000           0x00000166   Section        2  rtexit.o(.ARM.Collect$$rtexit$$00000000)
    .ARM.Collect$$rtexit$$00000002           0x00000168   Section        0  rtexit2.o(.ARM.Collect$$rtexit$$00000002)
    .ARM.Collect$$rtexit$$00000003           0x00000168   Section        4  rtexit2.o(.ARM.Collect$$rtexit$$00000003)
    .ARM.Collect$$rtexit$$00000004           0x0000016c   Section        6  rtexit2.o(.ARM.Collect$$rtexit$$00000004)
    .text                                    0x00000174   Section      100  startup_nuc100series.o(.text)
    Default_Handler                          0x0000019f   Thumb Code     2  startup_nuc100series.o(.text)
    .text                                    0x000001d8   Section        0  noretval__2sprintf.o(.text)
    .text                                    0x00000200   Section        0  __printf.o(.text)
    .text                                    0x0000026c   Section        0  _printf_dec.o(.text)
    .text                                    0x000002d8   Section        0  strlen.o(.text)
    .text                                    0x0000031c   Section        0  heapauxi.o(.text)
    .text                                    0x00000322   Section        0  _printf_intcommon.o(.text)
    _printf_input_char                       0x000003d5   Thumb Code    10  _printf_char_common.o(.text)
    .text                                    0x000003d4   Section        0  _printf_char_common.o(.text)
    .text                                    0x00000404   Section        0  _sputc.o(.text)
    .text                                    0x0000040e   Section        0  rtudiv10.o(.text)
    .text                                    0x00000436   Section       62  sys_stackheap_outer.o(.text)
    .text                                    0x00000474   Section        0  exit.o(.text)
    .text                                    0x00000484   Section        8  libspace.o(.text)
    .text                                    0x0000048c   Section        0  sys_exit.o(.text)
    .text                                    0x00000498   Section        2  use_no_semi.o(.text)
    .text                                    0x0000049a   Section        0  indicate_semi.o(.text)
    [Anonymous Symbol]                       0x0000049c   Section        0  main.o(.text.ADC7_Config)
    __arm_cp.3_0                             0x00000508   Number         4  main.o(.text.ADC7_Config)
    __arm_cp.3_1                             0x0000050c   Number         4  main.o(.text.ADC7_Config)
    __arm_cp.3_2                             0x00000510   Number         4  main.o(.text.ADC7_Config)
    __arm_cp.3_3                             0x00000514   Number         4  main.o(.text.ADC7_Config)
    __arm_cp.3_4                             0x00000518   Number         4  main.o(.text.ADC7_Config)
    __arm_cp.3_5                             0x0000051c   Number         4  main.o(.text.ADC7_Config)
    [Anonymous Symbol]                       0x00000520   Section        0  main.o(.text.ADC_IRQHandler)
    __arm_cp.14_0                            0x0000052c   Number         4  main.o(.text.ADC_IRQHandler)
    [Anonymous Symbol]                       0x00000530   Section        0  main.o(.text.Buzzer_on)
    __arm_cp.9_1                             0x00000550   Number         4  main.o(.text.Buzzer_on)
    __arm_cp.9_2                             0x00000554   Number         4  main.o(.text.Buzzer_on)
    [Anonymous Symbol]                       0x00000558   Section        0  main.o(.text.Data_send)
    __arm_cp.8_0                             0x00000574   Number         4  main.o(.text.Data_send)
    __arm_cp.8_1                             0x00000578   Number         4  main.o(.text.Data_send)
    __arm_cp.8_2                             0x0000057c   Number         4  main.o(.text.Data_send)
    [Anonymous Symbol]                       0x00000584   Section        0  main.o(.text.LCD_SetAddress)
    [Anonymous Symbol]                       0x000005a0   Section        0  main.o(.text.LCD_clear)
    [Anonymous Symbol]                       0x000005c0   Section        0  main.o(.text.LCD_command)
    [Anonymous Symbol]                       0x000005e0   Section        0  main.o(.text.LCD_data)
    [Anonymous Symbol]                       0x00000604   Section        0  main.o(.text.LCD_start)
    __arm_cp.4_0                             0x00000628   Number         4  main.o(.text.LCD_start)
    [Anonymous Symbol]                       0x0000062c   Section        0  main.o(.text.Off_chip_device_data_transmit)
    __arm_cp.6_0                             0x00000650   Number         4  main.o(.text.Off_chip_device_data_transmit)
    __arm_cp.6_1                             0x00000654   Number         4  main.o(.text.Off_chip_device_data_transmit)
    [Anonymous Symbol]                       0x00000658   Section        0  main.o(.text.SPI3_Config)
    __arm_cp.2_0                             0x000006d0   Number         4  main.o(.text.SPI3_Config)
    [Anonymous Symbol]                       0x000006d4   Section        0  system_nuc100series.o(.text.SystemInit)
    [Anonymous Symbol]                       0x000006d8   Section        0  main.o(.text.System_Config)
    __arm_cp.1_0                             0x00000784   Number         4  main.o(.text.System_Config)
    __arm_cp.1_1                             0x00000788   Number         4  main.o(.text.System_Config)
    __arm_cp.1_2                             0x0000078c   Number         4  main.o(.text.System_Config)
    [Anonymous Symbol]                       0x00000790   Section        0  lcd.o(.text.lcdSetAddr)
    [Anonymous Symbol]                       0x000007fc   Section        0  lcd.o(.text.lcdWriteData)
    __arm_cp.2_0                             0x00000828   Number         4  lcd.o(.text.lcdWriteData)
    [Anonymous Symbol]                       0x0000082c   Section        0  main.o(.text.main)
    __arm_cp.0_0                             0x000008f4   Number         4  main.o(.text.main)
    __arm_cp.0_2                             0x00000910   Number         4  main.o(.text.main)
    __arm_cp.0_8                             0x00000978   Number         4  main.o(.text.main)
    __arm_cp.0_9                             0x0000097c   Number         4  main.o(.text.main)
    __arm_cp.0_10                            0x00000980   Number         4  main.o(.text.main)
    __arm_cp.0_11                            0x00000984   Number         4  main.o(.text.main)
    __arm_cp.0_14                            0x00000994   Number         4  main.o(.text.main)
    __arm_cp.0_15                            0x00000998   Number         4  main.o(.text.main)
    [Anonymous Symbol]                       0x0000099c   Section        0  lcd.o(.text.printC_5x7)
    __arm_cp.7_0                             0x000009f4   Number         4  lcd.o(.text.printC_5x7)
    [Anonymous Symbol]                       0x000009f8   Section        0  lcd.o(.text.printS_5x7)
    Font5x7                                  0x00000a20   Data         480  lcd.o(.rodata.Font5x7)
    [Anonymous Symbol]                       0x00000a20   Section        0  lcd.o(.rodata.Font5x7)
    .L.str.8                                 0x00000c00   Data           4  main.o(.rodata.str1.1)
    [Anonymous Symbol]                       0x00000c00   Section        0  main.o(.rodata.str1.1)
    [Anonymous Symbol]                       0x20000000   Section        0  system_nuc100series.o(.data..L_MergedGlobals)
    .bss                                     0x20000030   Section       96  libspace.o(.bss)
    Heap_Mem                                 0x20000098   Data           0  startup_nuc100series.o(HEAP)
    Stack_Mem                                0x20000098   Data        1024  startup_nuc100series.o(STACK)
    HEAP                                     0x20000098   Section        0  startup_nuc100series.o(HEAP)
    STACK                                    0x20000098   Section     1024  startup_nuc100series.o(STACK)
    __initial_sp                             0x20000498   Data           0  startup_nuc100series.o(STACK)

    Global Symbols

    Symbol Name                              Value     Ov Type        Size  Object(Section)

    BuildAttributes$$THM_ISAv3M$S$PE$A:L22$X:L11$S22$IEEE1$IW$~IW$USESV6$~STKCKD$USESV7$~SHL$OSPACE$ROPI$EBA8$UX$STANDARDLIB$REQ8$PRES8$EABIv2 0x00000000   Number         0  anon$$obj.o ABSOLUTE
    __Vectors                                0x00000000   Data           4  startup_nuc100series.o(RESET)
    __ARM_exceptions_init                     - Undefined Weak Reference
    __alloca_initialize                       - Undefined Weak Reference
    __arm_preinit_                            - Undefined Weak Reference
    __cpp_initialize__aeabi_                  - Undefined Weak Reference
    __cxa_finalize                            - Undefined Weak Reference
    __rt_locale                               - Undefined Weak Reference
    __sigvec_lookup                           - Undefined Weak Reference
    _atexit_init                              - Undefined Weak Reference
    _call_atexit_fns                          - Undefined Weak Reference
    _clock_init                               - Undefined Weak Reference
    _fp_trap_init                             - Undefined Weak Reference
    _fp_trap_shutdown                         - Undefined Weak Reference
    _get_lc_collate                           - Undefined Weak Reference
    _get_lc_ctype                             - Undefined Weak Reference
    _get_lc_monetary                          - Undefined Weak Reference
    _get_lc_numeric                           - Undefined Weak Reference
    _get_lc_time                              - Undefined Weak Reference
    _getenv_init                              - Undefined Weak Reference
    _handle_redirection                       - Undefined Weak Reference
    _init_alloc                               - Undefined Weak Reference
    _init_user_alloc                          - Undefined Weak Reference
    _initio                                   - Undefined Weak Reference
    _printf_post_padding                      - Undefined Weak Reference
    _printf_pre_padding                       - Undefined Weak Reference
    _printf_truncate_signed                   - Undefined Weak Reference
    _printf_truncate_unsigned                 - Undefined Weak Reference
    _rand_init                                - Undefined Weak Reference
    _signal_finish                            - Undefined Weak Reference
    _signal_init                              - Undefined Weak Reference
    _terminate_alloc                          - Undefined Weak Reference
    _terminate_user_alloc                     - Undefined Weak Reference
    _terminateio                              - Undefined Weak Reference
    __main                                   0x000000c1   Thumb Code     8  __main.o(!!!main)
    __scatterload                            0x000000c9   Thumb Code     0  __scatter.o(!!!scatter)
    __scatterload_rt2                        0x000000c9   Thumb Code    52  __scatter.o(!!!scatter)
    __scatterload_rt2_thumb_only             0x000000c9   Thumb Code     0  __scatter.o(!!!scatter)
    __scatterload_null                       0x000000d9   Thumb Code     0  __scatter.o(!!!scatter)
    __scatterload_copy                       0x00000105   Thumb Code    26  __scatter_copy.o(!!handler_copy)
    __scatterload_zeroinit                   0x00000121   Thumb Code    28  __scatter_zi.o(!!handler_zi)
    _printf_percent                          0x0000013d   Thumb Code     0  _printf_percent.o(.ARM.Collect$$_printf_percent$$00000000)
    _printf_d                                0x0000013f   Thumb Code     0  _printf_d.o(.ARM.Collect$$_printf_percent$$00000009)
    _printf_percent_end                      0x00000149   Thumb Code     0  _printf_percent_end.o(.ARM.Collect$$_printf_percent$$00000017)
    __rt_lib_init                            0x0000014d   Thumb Code     0  libinit.o(.ARM.Collect$$libinit$$00000000)
    __rt_lib_init_alloca_1                   0x0000014f   Thumb Code     0  libinit2.o(.ARM.Collect$$libinit$$0000002E)
    __rt_lib_init_argv_1                     0x0000014f   Thumb Code     0  libinit2.o(.ARM.Collect$$libinit$$0000002C)
    __rt_lib_init_atexit_1                   0x0000014f   Thumb Code     0  libinit2.o(.ARM.Collect$$libinit$$0000001B)
    __rt_lib_init_clock_1                    0x0000014f   Thumb Code     0  libinit2.o(.ARM.Collect$$libinit$$00000021)
    __rt_lib_init_cpp_1                      0x0000014f   Thumb Code     0  libinit2.o(.ARM.Collect$$libinit$$00000032)
    __rt_lib_init_exceptions_1               0x0000014f   Thumb Code     0  libinit2.o(.ARM.Collect$$libinit$$00000030)
    __rt_lib_init_fp_1                       0x0000014f   Thumb Code     0  libinit2.o(.ARM.Collect$$libinit$$00000002)
    __rt_lib_init_fp_trap_1                  0x0000014f   Thumb Code     0  libinit2.o(.ARM.Collect$$libinit$$0000001F)
    __rt_lib_init_getenv_1                   0x0000014f   Thumb Code     0  libinit2.o(.ARM.Collect$$libinit$$00000023)
    __rt_lib_init_heap_1                     0x0000014f   Thumb Code     0  libinit2.o(.ARM.Collect$$libinit$$0000000A)
    __rt_lib_init_lc_collate_1               0x0000014f   Thumb Code     0  libinit2.o(.ARM.Collect$$libinit$$00000011)
    __rt_lib_init_lc_ctype_1                 0x0000014f   Thumb Code     0  libinit2.o(.ARM.Collect$$libinit$$00000013)
    __rt_lib_init_lc_monetary_1              0x0000014f   Thumb Code     0  libinit2.o(.ARM.Collect$$libinit$$00000015)
    __rt_lib_init_lc_numeric_1               0x0000014f   Thumb Code     0  libinit2.o(.ARM.Collect$$libinit$$00000017)
    __rt_lib_init_lc_time_1                  0x0000014f   Thumb Code     0  libinit2.o(.ARM.Collect$$libinit$$00000019)
    __rt_lib_init_preinit_1                  0x0000014f   Thumb Code     0  libinit2.o(.ARM.Collect$$libinit$$00000004)
    __rt_lib_init_rand_1                     0x0000014f   Thumb Code     0  libinit2.o(.ARM.Collect$$libinit$$0000000E)
    __rt_lib_init_return                     0x0000014f   Thumb Code     0  libinit2.o(.ARM.Collect$$libinit$$00000033)
    __rt_lib_init_signal_1                   0x0000014f   Thumb Code     0  libinit2.o(.ARM.Collect$$libinit$$0000001D)
    __rt_lib_init_stdio_1                    0x0000014f   Thumb Code     0  libinit2.o(.ARM.Collect$$libinit$$00000025)
    __rt_lib_init_user_alloc_1               0x0000014f   Thumb Code     0  libinit2.o(.ARM.Collect$$libinit$$0000000C)
    __rt_lib_shutdown                        0x00000151   Thumb Code     0  libshutdown.o(.ARM.Collect$$libshutdown$$00000000)
    __rt_lib_shutdown_cpp_1                  0x00000153   Thumb Code     0  libshutdown2.o(.ARM.Collect$$libshutdown$$00000002)
    __rt_lib_shutdown_fp_trap_1              0x00000153   Thumb Code     0  libshutdown2.o(.ARM.Collect$$libshutdown$$00000007)
    __rt_lib_shutdown_heap_1                 0x00000153   Thumb Code     0  libshutdown2.o(.ARM.Collect$$libshutdown$$0000000F)
    __rt_lib_shutdown_return                 0x00000153   Thumb Code     0  libshutdown2.o(.ARM.Collect$$libshutdown$$00000010)
    __rt_lib_shutdown_signal_1               0x00000153   Thumb Code     0  libshutdown2.o(.ARM.Collect$$libshutdown$$0000000A)
    __rt_lib_shutdown_stdio_1                0x00000153   Thumb Code     0  libshutdown2.o(.ARM.Collect$$libshutdown$$00000004)
    __rt_lib_shutdown_user_alloc_1           0x00000153   Thumb Code     0  libshutdown2.o(.ARM.Collect$$libshutdown$$0000000C)
    __rt_entry                               0x00000155   Thumb Code     0  __rtentry.o(.ARM.Collect$$rtentry$$00000000)
    __rt_entry_presh_1                       0x00000155   Thumb Code     0  __rtentry2.o(.ARM.Collect$$rtentry$$00000002)
    __rt_entry_sh                            0x00000155   Thumb Code     0  __rtentry4.o(.ARM.Collect$$rtentry$$00000004)
    __rt_entry_li                            0x0000015b   Thumb Code     0  __rtentry2.o(.ARM.Collect$$rtentry$$0000000A)
    __rt_entry_postsh_1                      0x0000015b   Thumb Code     0  __rtentry2.o(.ARM.Collect$$rtentry$$00000009)
    __rt_entry_main                          0x0000015f   Thumb Code     0  __rtentry2.o(.ARM.Collect$$rtentry$$0000000D)
    __rt_entry_postli_1                      0x0000015f   Thumb Code     0  __rtentry2.o(.ARM.Collect$$rtentry$$0000000C)
    __rt_exit                                0x00000167   Thumb Code     0  rtexit.o(.ARM.Collect$$rtexit$$00000000)
    __rt_exit_ls                             0x00000169   Thumb Code     0  rtexit2.o(.ARM.Collect$$rtexit$$00000003)
    __rt_exit_prels_1                        0x00000169   Thumb Code     0  rtexit2.o(.ARM.Collect$$rtexit$$00000002)
    __rt_exit_exit                           0x0000016d   Thumb Code     0  rtexit2.o(.ARM.Collect$$rtexit$$00000004)
    Reset_Handler                            0x00000175   Thumb Code    32  startup_nuc100series.o(.text)
    NMI_Handler                              0x00000195   Thumb Code     2  startup_nuc100series.o(.text)
    HardFault_Handler                        0x00000197   Thumb Code     2  startup_nuc100series.o(.text)
    SVC_Handler                              0x00000199   Thumb Code     2  startup_nuc100series.o(.text)
    PendSV_Handler                           0x0000019b   Thumb Code     2  startup_nuc100series.o(.text)
    SysTick_Handler                          0x0000019d   Thumb Code     2  startup_nuc100series.o(.text)
    ACMP_IRQHandler                          0x0000019f   Thumb Code     0  startup_nuc100series.o(.text)
    BOD_IRQHandler                           0x0000019f   Thumb Code     0  startup_nuc100series.o(.text)
    CAN0_IRQHandler                          0x0000019f   Thumb Code     0  startup_nuc100series.o(.text)
    CAN1_IRQHandler                          0x0000019f   Thumb Code     0  startup_nuc100series.o(.text)
    EINT0_IRQHandler                         0x0000019f   Thumb Code     0  startup_nuc100series.o(.text)
    EINT1_IRQHandler                         0x0000019f   Thumb Code     0  startup_nuc100series.o(.text)
    GPAB_IRQHandler                          0x0000019f   Thumb Code     0  startup_nuc100series.o(.text)
    GPCDEF_IRQHandler                        0x0000019f   Thumb Code     0  startup_nuc100series.o(.text)
    I2C0_IRQHandler                          0x0000019f   Thumb Code     0  startup_nuc100series.o(.text)
    I2C1_IRQHandler                          0x0000019f   Thumb Code     0  startup_nuc100series.o(.text)
    I2S_IRQHandler                           0x0000019f   Thumb Code     0  startup_nuc100series.o(.text)
    PDMA_IRQHandler                          0x0000019f   Thumb Code     0  startup_nuc100series.o(.text)
    PS2_IRQHandler                           0x0000019f   Thumb Code     0  startup_nuc100series.o(.text)
    PWM0_IRQHandler                          0x0000019f   Thumb Code     0  startup_nuc100series.o(.text)
    PWM1_IRQHandler                          0x0000019f   Thumb Code     0  startup_nuc100series.o(.text)
    PWRWU_IRQHandler                         0x0000019f   Thumb Code     0  startup_nuc100series.o(.text)
    RTC_IRQHandler                           0x0000019f   Thumb Code     0  startup_nuc100series.o(.text)
    SC012_IRQHandler                         0x0000019f   Thumb Code     0  startup_nuc100series.o(.text)
    SPI0_IRQHandler                          0x0000019f   Thumb Code     0  startup_nuc100series.o(.text)
    SPI1_IRQHandler                          0x0000019f   Thumb Code     0  startup_nuc100series.o(.text)
    SPI2_IRQHandler                          0x0000019f   Thumb Code     0  startup_nuc100series.o(.text)
    SPI3_IRQHandler                          0x0000019f   Thumb Code     0  startup_nuc100series.o(.text)
    TMR0_IRQHandler                          0x0000019f   Thumb Code     0  startup_nuc100series.o(.text)
    TMR1_IRQHandler                          0x0000019f   Thumb Code     0  startup_nuc100series.o(.text)
    TMR2_IRQHandler                          0x0000019f   Thumb Code     0  startup_nuc100series.o(.text)
    TMR3_IRQHandler                          0x0000019f   Thumb Code     0  startup_nuc100series.o(.text)
    UART02_IRQHandler                        0x0000019f   Thumb Code     0  startup_nuc100series.o(.text)
    UART1_IRQHandler                         0x0000019f   Thumb Code     0  startup_nuc100series.o(.text)
    USBD_IRQHandler                          0x0000019f   Thumb Code     0  startup_nuc100series.o(.text)
    WDT_IRQHandler                           0x0000019f   Thumb Code     0  startup_nuc100series.o(.text)
    __user_initial_stackheap                 0x000001a1   Thumb Code     0  startup_nuc100series.o(.text)
    __2sprintf                               0x000001d9   Thumb Code    36  noretval__2sprintf.o(.text)
    __printf                                 0x00000201   Thumb Code   108  __printf.o(.text)
    _printf_int_dec                          0x0000026d   Thumb Code    90  _printf_dec.o(.text)
    strlen                                   0x000002d9   Thumb Code    62  strlen.o(.text)
    __use_two_region_memory                  0x0000031d   Thumb Code     2  heapauxi.o(.text)
    __rt_heap_escrow$2region                 0x0000031f   Thumb Code     2  heapauxi.o(.text)
    __rt_heap_expand$2region                 0x00000321   Thumb Code     2  heapauxi.o(.text)
    _printf_int_common                       0x00000323   Thumb Code   176  _printf_intcommon.o(.text)
    _printf_char_common                      0x000003df   Thumb Code    32  _printf_char_common.o(.text)
    _sputc                                   0x00000405   Thumb Code    10  _sputc.o(.text)
    __rt_udiv10                              0x0000040f   Thumb Code    40  rtudiv10.o(.text)
    __user_setup_stackheap                   0x00000437   Thumb Code    62  sys_stackheap_outer.o(.text)
    exit                                     0x00000475   Thumb Code    16  exit.o(.text)
    __user_libspace                          0x00000485   Thumb Code     8  libspace.o(.text)
    __user_perproc_libspace                  0x00000485   Thumb Code     0  libspace.o(.text)
    __user_perthread_libspace                0x00000485   Thumb Code     0  libspace.o(.text)
    _sys_exit                                0x0000048d   Thumb Code     8  sys_exit.o(.text)
    __I$use$semihosting                      0x00000499   Thumb Code     0  use_no_semi.o(.text)
    __use_no_semihosting_swi                 0x00000499   Thumb Code     2  use_no_semi.o(.text)
    __semihosting_library_function           0x0000049b   Thumb Code     0  indicate_semi.o(.text)
    ADC7_Config                              0x0000049d   Thumb Code   132  main.o(.text.ADC7_Config)
    ADC_IRQHandler                           0x00000521   Thumb Code    16  main.o(.text.ADC_IRQHandler)
    Buzzer_on                                0x00000531   Thumb Code    40  main.o(.text.Buzzer_on)
    Data_send                                0x00000559   Thumb Code    44  main.o(.text.Data_send)
    LCD_SetAddress                           0x00000585   Thumb Code    28  main.o(.text.LCD_SetAddress)
    LCD_clear                                0x000005a1   Thumb Code    30  main.o(.text.LCD_clear)
    LCD_command                              0x000005c1   Thumb Code    32  main.o(.text.LCD_command)
    LCD_data                                 0x000005e1   Thumb Code    36  main.o(.text.LCD_data)
    LCD_start                                0x00000605   Thumb Code    40  main.o(.text.LCD_start)
    Off_chip_device_data_transmit            0x0000062d   Thumb Code    44  main.o(.text.Off_chip_device_data_transmit)
    SPI3_Config                              0x00000659   Thumb Code   124  main.o(.text.SPI3_Config)
    SystemInit                               0x000006d5   Thumb Code     2  system_nuc100series.o(.text.SystemInit)
    System_Config                            0x000006d9   Thumb Code   184  main.o(.text.System_Config)
    lcdSetAddr                               0x00000791   Thumb Code   108  lcd.o(.text.lcdSetAddr)
    lcdWriteData                             0x000007fd   Thumb Code    48  lcd.o(.text.lcdWriteData)
    main                                     0x0000082d   Thumb Code   368  main.o(.text.main)
    printC_5x7                               0x0000099d   Thumb Code    92  lcd.o(.text.printC_5x7)
    printS_5x7                               0x000009f9   Thumb Code    40  lcd.o(.text.printS_5x7)
    Region$$Table$$Base                      0x00000c04   Number         0  anon$$obj.o(Region$$Table)
    Region$$Table$$Limit                     0x00000c24   Number         0  anon$$obj.o(Region$$Table)
    SystemCoreClock                          0x20000000   Data           4  system_nuc100series.o(.data..L_MergedGlobals)
    CyclesPerUs                              0x20000004   Data           4  system_nuc100series.o(.data..L_MergedGlobals)
    PllClock                                 0x20000008   Data           4  system_nuc100series.o(.data..L_MergedGlobals)
    gau32ClkSrcTbl                           0x2000000c   Data          32  system_nuc100series.o(.data..L_MergedGlobals)
    adc7_val_s                               0x2000002c   Data           4  main.o(.data.adc7_val_s)
    __libspace_start                         0x20000030   Data          96  libspace.o(.bss)
    __temporary_stack_top$libspace           0x20000090   Data           0  libspace.o(.bss)
    adc7_val                                 0x20000090   Data           4  main.o(.bss.adc7_val)



==============================================================================

Memory Map of the image

  Image Entry point : 0x00000175

  Load Region LR_1 (Base: 0x00000000, Size: 0x00000c54, Max: 0xffffffff, ABSOLUTE)

    Execution Region ER_RO (Exec base: 0x00000000, Load base: 0x00000000, Size: 0x00000c24, Max: 0xffffffff, ABSOLUTE)

    Exec Addr    Load Addr    Size         Type   Attr      Idx    E Section Name        Object

    0x00000000   0x00000000   0x000000c0   Data   RO           16    RESET               startup_nuc100series.o
    0x000000c0   0x000000c0   0x00000008   Code   RO          277  * !!!main             c_p.l(__main.o)
    0x000000c8   0x000000c8   0x0000003c   Code   RO          463    !!!scatter          c_p.l(__scatter.o)
    0x00000104   0x00000104   0x0000001a   Code   RO          465    !!handler_copy      c_p.l(__scatter_copy.o)
    0x0000011e   0x0000011e   0x00000002   PAD
    0x00000120   0x00000120   0x0000001c   Code   RO          467    !!handler_zi        c_p.l(__scatter_zi.o)
    0x0000013c   0x0000013c   0x00000002   Code   RO          268    .ARM.Collect$$_printf_percent$$00000000  c_p.l(_printf_percent.o)
    0x0000013e   0x0000013e   0x0000000a   Code   RO          267    .ARM.Collect$$_printf_percent$$00000009  c_p.l(_printf_d.o)
    0x00000148   0x00000148   0x00000004   Code   RO          290    .ARM.Collect$$_printf_percent$$00000017  c_p.l(_printf_percent_end.o)
    0x0000014c   0x0000014c   0x00000002   Code   RO          326    .ARM.Collect$$libinit$$00000000  c_p.l(libinit.o)
    0x0000014e   0x0000014e   0x00000000   Code   RO          340    .ARM.Collect$$libinit$$00000002  c_p.l(libinit2.o)
    0x0000014e   0x0000014e   0x00000000   Code   RO          342    .ARM.Collect$$libinit$$00000004  c_p.l(libinit2.o)
    0x0000014e   0x0000014e   0x00000000   Code   RO          345    .ARM.Collect$$libinit$$0000000A  c_p.l(libinit2.o)
    0x0000014e   0x0000014e   0x00000000   Code   RO          347    .ARM.Collect$$libinit$$0000000C  c_p.l(libinit2.o)
    0x0000014e   0x0000014e   0x00000000   Code   RO          349    .ARM.Collect$$libinit$$0000000E  c_p.l(libinit2.o)
    0x0000014e   0x0000014e   0x00000000   Code   RO          352    .ARM.Collect$$libinit$$00000011  c_p.l(libinit2.o)
    0x0000014e   0x0000014e   0x00000000   Code   RO          354    .ARM.Collect$$libinit$$00000013  c_p.l(libinit2.o)
    0x0000014e   0x0000014e   0x00000000   Code   RO          356    .ARM.Collect$$libinit$$00000015  c_p.l(libinit2.o)
    0x0000014e   0x0000014e   0x00000000   Code   RO          358    .ARM.Collect$$libinit$$00000017  c_p.l(libinit2.o)
    0x0000014e   0x0000014e   0x00000000   Code   RO          360    .ARM.Collect$$libinit$$00000019  c_p.l(libinit2.o)
    0x0000014e   0x0000014e   0x00000000   Code   RO          362    .ARM.Collect$$libinit$$0000001B  c_p.l(libinit2.o)
    0x0000014e   0x0000014e   0x00000000   Code   RO          364    .ARM.Collect$$libinit$$0000001D  c_p.l(libinit2.o)
    0x0000014e   0x0000014e   0x00000000   Code   RO          366    .ARM.Collect$$libinit$$0000001F  c_p.l(libinit2.o)
    0x0000014e   0x0000014e   0x00000000   Code   RO          368    .ARM.Collect$$libinit$$00000021  c_p.l(libinit2.o)
    0x0000014e   0x0000014e   0x00000000   Code   RO          370    .ARM.Collect$$libinit$$00000023  c_p.l(libinit2.o)
    0x0000014e   0x0000014e   0x00000000   Code   RO          372    .ARM.Collect$$libinit$$00000025  c_p.l(libinit2.o)
    0x0000014e   0x0000014e   0x00000000   Code   RO          376    .ARM.Collect$$libinit$$0000002C  c_p.l(libinit2.o)
    0x0000014e   0x0000014e   0x00000000   Code   RO          378    .ARM.Collect$$libinit$$0000002E  c_p.l(libinit2.o)
    0x0000014e   0x0000014e   0x00000000   Code   RO          380    .ARM.Collect$$libinit$$00000030  c_p.l(libinit2.o)
    0x0000014e   0x0000014e   0x00000000   Code   RO          382    .ARM.Collect$$libinit$$00000032  c_p.l(libinit2.o)
    0x0000014e   0x0000014e   0x00000002   Code   RO          383    .ARM.Collect$$libinit$$00000033  c_p.l(libinit2.o)
    0x00000150   0x00000150   0x00000002   Code   RO          418    .ARM.Collect$$libshutdown$$00000000  c_p.l(libshutdown.o)
    0x00000152   0x00000152   0x00000000   Code   RO          446    .ARM.Collect$$libshutdown$$00000002  c_p.l(libshutdown2.o)
    0x00000152   0x00000152   0x00000000   Code   RO          448    .ARM.Collect$$libshutdown$$00000004  c_p.l(libshutdown2.o)
    0x00000152   0x00000152   0x00000000   Code   RO          451    .ARM.Collect$$libshutdown$$00000007  c_p.l(libshutdown2.o)
    0x00000152   0x00000152   0x00000000   Code   RO          454    .ARM.Collect$$libshutdown$$0000000A  c_p.l(libshutdown2.o)
    0x00000152   0x00000152   0x00000000   Code   RO          456    .ARM.Collect$$libshutdown$$0000000C  c_p.l(libshutdown2.o)
    0x00000152   0x00000152   0x00000000   Code   RO          459    .ARM.Collect$$libshutdown$$0000000F  c_p.l(libshutdown2.o)
    0x00000152   0x00000152   0x00000002   Code   RO          460    .ARM.Collect$$libshutdown$$00000010  c_p.l(libshutdown2.o)
    0x00000154   0x00000154   0x00000000   Code   RO          279    .ARM.Collect$$rtentry$$00000000  c_p.l(__rtentry.o)
    0x00000154   0x00000154   0x00000000   Code   RO          294    .ARM.Collect$$rtentry$$00000002  c_p.l(__rtentry2.o)
    0x00000154   0x00000154   0x00000006   Code   RO          306    .ARM.Collect$$rtentry$$00000004  c_p.l(__rtentry4.o)
    0x0000015a   0x0000015a   0x00000000   Code   RO          296    .ARM.Collect$$rtentry$$00000009  c_p.l(__rtentry2.o)
    0x0000015a   0x0000015a   0x00000004   Code   RO          297    .ARM.Collect$$rtentry$$0000000A  c_p.l(__rtentry2.o)
    0x0000015e   0x0000015e   0x00000000   Code   RO          299    .ARM.Collect$$rtentry$$0000000C  c_p.l(__rtentry2.o)
    0x0000015e   0x0000015e   0x00000008   Code   RO          300    .ARM.Collect$$rtentry$$0000000D  c_p.l(__rtentry2.o)
    0x00000166   0x00000166   0x00000002   Code   RO          331    .ARM.Collect$$rtexit$$00000000  c_p.l(rtexit.o)
    0x00000168   0x00000168   0x00000000   Code   RO          389    .ARM.Collect$$rtexit$$00000002  c_p.l(rtexit2.o)
    0x00000168   0x00000168   0x00000004   Code   RO          390    .ARM.Collect$$rtexit$$00000003  c_p.l(rtexit2.o)
    0x0000016c   0x0000016c   0x00000006   Code   RO          391    .ARM.Collect$$rtexit$$00000004  c_p.l(rtexit2.o)
    0x00000172   0x00000172   0x00000002   PAD
    0x00000174   0x00000174   0x00000064   Code   RO           17  * .text               startup_nuc100series.o
    0x000001d8   0x000001d8   0x00000028   Code   RO          241    .text               c_p.l(noretval__2sprintf.o)
    0x00000200   0x00000200   0x0000006c   Code   RO          243    .text               c_p.l(__printf.o)
    0x0000026c   0x0000026c   0x0000006c   Code   RO          245    .text               c_p.l(_printf_dec.o)
    0x000002d8   0x000002d8   0x00000044   Code   RO          269    .text               c_p.l(strlen.o)
    0x0000031c   0x0000031c   0x00000006   Code   RO          275    .text               c_p.l(heapauxi.o)
    0x00000322   0x00000322   0x000000b0   Code   RO          284    .text               c_p.l(_printf_intcommon.o)
    0x000003d2   0x000003d2   0x00000002   PAD
    0x000003d4   0x000003d4   0x00000030   Code   RO          286    .text               c_p.l(_printf_char_common.o)
    0x00000404   0x00000404   0x0000000a   Code   RO          288    .text               c_p.l(_sputc.o)
    0x0000040e   0x0000040e   0x00000028   Code   RO          291    .text               c_p.l(rtudiv10.o)
    0x00000436   0x00000436   0x0000003e   Code   RO          312    .text               c_p.l(sys_stackheap_outer.o)
    0x00000474   0x00000474   0x00000010   Code   RO          315    .text               c_p.l(exit.o)
    0x00000484   0x00000484   0x00000008   Code   RO          327    .text               c_p.l(libspace.o)
    0x0000048c   0x0000048c   0x0000000c   Code   RO          384    .text               c_p.l(sys_exit.o)
    0x00000498   0x00000498   0x00000002   Code   RO          407    .text               c_p.l(use_no_semi.o)
    0x0000049a   0x0000049a   0x00000000   Code   RO          409    .text               c_p.l(indicate_semi.o)
    0x0000049a   0x0000049a   0x00000002   PAD
    0x0000049c   0x0000049c   0x00000084   Code   RO           30    .text.ADC7_Config   main.o
    0x00000520   0x00000520   0x00000010   Code   RO           52    .text.ADC_IRQHandler  main.o
    0x00000530   0x00000530   0x00000028   Code   RO           42    .text.Buzzer_on     main.o
    0x00000558   0x00000558   0x0000002c   Code   RO           40    .text.Data_send     main.o
    0x00000584   0x00000584   0x0000001c   Code   RO           48    .text.LCD_SetAddress  main.o
    0x000005a0   0x000005a0   0x0000001e   Code   RO           34    .text.LCD_clear     main.o
    0x000005be   0x000005be   0x00000002   PAD
    0x000005c0   0x000005c0   0x00000020   Code   RO           44    .text.LCD_command   main.o
    0x000005e0   0x000005e0   0x00000024   Code   RO           46    .text.LCD_data      main.o
    0x00000604   0x00000604   0x00000028   Code   RO           32    .text.LCD_start     main.o
    0x0000062c   0x0000062c   0x0000002c   Code   RO           36    .text.Off_chip_device_data_transmit  main.o
    0x00000658   0x00000658   0x0000007c   Code   RO           28    .text.SPI3_Config   main.o
    0x000006d4   0x000006d4   0x00000002   Code   RO            4    .text.SystemInit    system_nuc100series.o
    0x000006d6   0x000006d6   0x00000002   PAD
    0x000006d8   0x000006d8   0x000000b8   Code   RO           26    .text.System_Config  main.o
    0x00000790   0x00000790   0x0000006c   Code   RO          175    .text.lcdSetAddr    lcd.o
    0x000007fc   0x000007fc   0x00000030   Code   RO          173    .text.lcdWriteData  lcd.o
    0x0000082c   0x0000082c   0x00000170   Code   RO           24    .text.main          main.o
    0x0000099c   0x0000099c   0x0000005c   Code   RO          183    .text.printC_5x7    lcd.o
    0x000009f8   0x000009f8   0x00000028   Code   RO          189    .text.printS_5x7    lcd.o
    0x00000a20   0x00000a20   0x000001e0   Data   RO          229    .rodata.Font5x7     lcd.o
    0x00000c00   0x00000c00   0x00000004   Data   RO           56    .rodata.str1.1      main.o
    0x00000c04   0x00000c04   0x00000020   Data   RO          462    Region$$Table       anon$$obj.o


    Execution Region ER_RW (Exec base: 0x20000000, Load base: 0x00000c24, Size: 0x00000030, Max: 0xffffffff, ABSOLUTE)

    Exec Addr    Load Addr    Size         Type   Attr      Idx    E Section Name        Object

    0x20000000   0x00000c24   0x0000002c   Data   RW            6    .data..L_MergedGlobals  system_nuc100series.o
    0x2000002c   0x00000c50   0x00000004   Data   RW           54    .data.adc7_val_s    main.o


    Execution Region ER_ZI (Exec base: 0x20000030, Load base: 0x00000c54, Size: 0x00000468, Max: 0xffffffff, ABSOLUTE)

    Exec Addr    Load Addr    Size         Type   Attr      Idx    E Section Name        Object

    0x20000030        -       0x00000060   Zero   RW          328    .bss                c_p.l(libspace.o)
    0x20000090        -       0x00000004   Zero   RW           55    .bss.adc7_val       main.o
    0x20000094   0x00000c54   0x00000004   PAD
    0x20000098        -       0x00000000   Zero   RW           15    HEAP                startup_nuc100series.o
    0x20000098        -       0x00000400   Zero   RW           14    STACK               startup_nuc100series.o


==============================================================================

Image component sizes


      Code (inc. data)   RO Data    RW Data    ZI Data      Debug   Object Name

       288          8        480          0          0      16473   lcd.o
      1118        248          4          4          4       5297   main.o
       100         46        192          0       1024        744   startup_nuc100series.o
         2          0          0         44          0       2232   system_nuc100series.o

    ----------------------------------------------------------------------
      1512        302        708         48       1032      24746   Object Totals
         0          0         32          0          0          0   (incl. Generated)
         4          0          0          0          4          0   (incl. Padding)

    ----------------------------------------------------------------------

      Code (inc. data)   RO Data    RW Data    ZI Data      Debug   Library Member Name

         8          0          0          0          0         68   __main.o
       108          0          0          0          0         76   __printf.o
         0          0          0          0          0          0   __rtentry.o
        12          0          0          0          0          0   __rtentry2.o
         6          0          0          0          0          0   __rtentry4.o
        60          8          0          0          0          0   __scatter.o
        26          0          0          0          0          0   __scatter_copy.o
        28          0          0          0          0          0   __scatter_zi.o
        48          6          0          0          0         88   _printf_char_common.o
        10          0          0          0          0          0   _printf_d.o
       108         18          0          0          0         76   _printf_dec.o
       176          0          0          0          0         84   _printf_intcommon.o
         2          0          0          0          0          0   _printf_percent.o
         4          0          0          0          0          0   _printf_percent_end.o
        10          0          0          0          0         60   _sputc.o
        16          0          0          0          0         68   exit.o
         6          0          0          0          0        136   heapauxi.o
         0          0          0          0          0          0   indicate_semi.o
         2          0          0          0          0          0   libinit.o
         2          0          0          0          0          0   libinit2.o
         2          0          0          0          0          0   libshutdown.o
         2          0          0          0          0          0   libshutdown2.o
         8          4          0          0         96         68   libspace.o
        40          4          0          0          0         84   noretval__2sprintf.o
         2          0          0          0          0          0   rtexit.o
        10          0          0          0          0          0   rtexit2.o
        40          0          0          0          0         60   rtudiv10.o
        68          6          0          0          0         72   strlen.o
        12          4          0          0          0         60   sys_exit.o
        62          0          0          0          0         80   sys_stackheap_outer.o
         2          0          0          0          0         68   use_no_semi.o

    ----------------------------------------------------------------------
       888         50          0          0         96       1148   Library Totals
         8          0          0          0          0          0   (incl. Padding)

    ----------------------------------------------------------------------

      Code (inc. data)   RO Data    RW Data    ZI Data      Debug   Library Name

       880         50          0          0         96       1148   c_p.l

    ----------------------------------------------------------------------
       888         50          0          0         96       1148   Library Totals

    ----------------------------------------------------------------------

==============================================================================


      Code (inc. data)   RO Data    RW Data    ZI Data      Debug   

      2400        352        708         48       1128      25418   Grand Totals
      2400        352        708         48       1128      25418   ELF Image Totals
      2400        352        708         48          0          0   ROM Totals

==============================================================================

    Total RO  Size (Code + RO Data)                 3108 (   3.04kB)
    Total RW  Size (RW Data + ZI Data)              1176 (   1.15kB)
    Total ROM Size (Code + RO Data + RW Data)       3156 (   3.08kB)

==============================================================================

